[2026-04-14 13:34:07] [INFO] [MET]: START Session 1
[2026-04-14 13:34:07] [INFO] [BEG]: Run UID: 2026-04-14_13-34-07_13a78838c9
[2026-04-14 13:34:07] [INFO] [DEF]: Variant: 6C - GALI Both (Obs+Reward)
[2026-04-14 13:34:07] [INFO] [DEF]: Params: {
[2026-04-14 13:34:07] [INFO] [DEF]:   "variant": "6c",
[2026-04-14 13:34:07] [INFO] [DEF]:   "total_episodes": 500,
[2026-04-14 13:34:07] [INFO] [DEF]:   "episode_length": 4000,
[2026-04-14 13:34:07] [INFO] [DEF]:   "warmup_steps": 10000,
[2026-04-14 13:34:07] [INFO] [DEF]:   "batch_size": 256,
[2026-04-14 13:34:07] [INFO] [DEF]:   "eval_interval": 10,
[2026-04-14 13:34:07] [INFO] [DEF]:   "eval_episodes": 5,
[2026-04-14 13:34:07] [INFO] [DEF]:   "checkpoint_interval": 50,
[2026-04-14 13:34:07] [INFO] [DEF]:   "hidden_dim": 256,
[2026-04-14 13:34:07] [INFO] [DEF]:   "gamma": 0.99,
[2026-04-14 13:34:07] [INFO] [DEF]:   "tau": 0.005,
[2026-04-14 13:34:07] [INFO] [DEF]:   "actor_lr": 0.0003,
[2026-04-14 13:34:07] [INFO] [DEF]:   "critic_lr": 0.0003,
[2026-04-14 13:34:07] [INFO] [DEF]:   "alpha_lr": 0.0003,
[2026-04-14 13:34:07] [INFO] [DEF]:   "init_alpha": 0.2,
[2026-04-14 13:34:07] [INFO] [DEF]:   "replay_buffer_size": 1000000,
[2026-04-14 13:34:07] [INFO] [DEF]:   "dt": 0.005,
[2026-04-14 13:34:07] [INFO] [DEF]:   "rl_lambda": 25.0,
[2026-04-14 13:34:07] [INFO] [DEF]:   "u_max": 250.0,
[2026-04-14 13:34:07] [INFO] [DEF]:   "freq_ratio": 10,
[2026-04-14 13:34:07] [INFO] [DEF]:   "state_bound": 40.0,
[2026-04-14 13:34:07] [INFO] [DEF]:   "init_bound": 40.0,
[2026-04-14 13:34:07] [INFO] [DEF]:   "reward_distance_coeff": 5.0,
[2026-04-14 13:34:07] [INFO] [DEF]:   "reward_effort_coeff": 20.0,
[2026-04-14 13:34:07] [INFO] [DEF]:   "reward_gali_coeff": 0.1,
[2026-04-14 13:34:07] [INFO] [DEF]:   "reward_convergence_bonus": 1.0,
[2026-04-14 13:34:07] [INFO] [DEF]:   "reward_sparsity_coeff": 0.1,
[2026-04-14 13:34:07] [INFO] [DEF]:   "reward_action_deriv_coeff": 1.0,
[2026-04-14 13:34:07] [INFO] [DEF]:   "convergence_threshold": 0.5,
[2026-04-14 13:34:07] [INFO] [DEF]:   "variant_config": {
[2026-04-14 13:34:07] [INFO] [DEF]:     "include_gali_obs": true,
[2026-04-14 13:34:07] [INFO] [DEF]:     "reward_gali_coeff": 0.05,
[2026-04-14 13:34:07] [INFO] [DEF]:     "label": "GALI Both (Obs+Reward)"
[2026-04-14 13:34:07] [INFO] [DEF]:   },
[2026-04-14 13:34:07] [INFO] [DEF]:   "surrogate_path": "D:\\Repos\\Augmented-Attractor-Shaping-For-Nonlinear-Feedback-Systems\\Take 2\\Pillar 5\\experiments\\2026-04-10_06-03-45_29331e02\\data\\checkpoints\\ckpt_best_model.pth",
[2026-04-14 13:34:07] [INFO] [DEF]:   "pid_gains_path": "D:\\Repos\\Augmented-Attractor-Shaping-For-Nonlinear-Feedback-Systems\\Take 2\\Pillar 4\\ideal_pid_gains_kp30.json"
[2026-04-14 13:34:07] [INFO] [DEF]: }
[2026-04-14 13:34:07] [INFO] [DEF]: Obs dim: 9, Act dim: 2
[2026-04-14 13:34:07] [INFO] [DEF]: Environment params: {
[2026-04-14 13:34:07] [INFO] [DEF]:   "env_type": "CoupledLorenzHybridEnv",
[2026-04-14 13:34:07] [INFO] [DEF]:   "observation_dim": 9,
[2026-04-14 13:34:07] [INFO] [DEF]:   "action_dim": 2,
[2026-04-14 13:34:07] [INFO] [DEF]:   "episode_length": 4000,
[2026-04-14 13:34:07] [INFO] [DEF]:   "dt": 0.005,
[2026-04-14 13:34:07] [INFO] [DEF]:   "freq_ratio": 10,
[2026-04-14 13:34:07] [INFO] [DEF]:   "rl_lambda": 25.0,
[2026-04-14 13:34:07] [INFO] [DEF]:   "u_max": 250.0,
[2026-04-14 13:34:07] [INFO] [DEF]:   "state_bound": 40.0,
[2026-04-14 13:34:07] [INFO] [DEF]:   "init_bound": 40.0,
[2026-04-14 13:34:07] [INFO] [DEF]:   "pid_gains": {
[2026-04-14 13:34:07] [INFO] [DEF]:     "Kp": 30.0,
[2026-04-14 13:34:07] [INFO] [DEF]:     "Ki": 0.028641224628840715,
[2026-04-14 13:34:07] [INFO] [DEF]:     "Kd": 0.0
[2026-04-14 13:34:07] [INFO] [DEF]:   },
[2026-04-14 13:34:07] [INFO] [DEF]:   "reward_coefficients": {
[2026-04-14 13:34:07] [INFO] [DEF]:     "distance": 5.0,
[2026-04-14 13:34:07] [INFO] [DEF]:     "effort": 20.0,
[2026-04-14 13:34:07] [INFO] [DEF]:     "gali": 0.05,
[2026-04-14 13:34:07] [INFO] [DEF]:     "convergence_bonus": 1.0,
[2026-04-14 13:34:07] [INFO] [DEF]:     "sparsity": 0.5,
[2026-04-14 13:34:07] [INFO] [DEF]:     "action_deriv": 1.0,
[2026-04-14 13:34:07] [INFO] [DEF]:     "convergence_threshold": 0.5
[2026-04-14 13:34:07] [INFO] [DEF]:   },
[2026-04-14 13:34:07] [INFO] [DEF]:   "physics": {
[2026-04-14 13:34:07] [INFO] [DEF]:     "sigma": 10.0,
[2026-04-14 13:34:07] [INFO] [DEF]:     "rho": 28.0,
[2026-04-14 13:34:07] [INFO] [DEF]:     "beta": 2.6666666666666665,
[2026-04-14 13:34:07] [INFO] [DEF]:     "k_coupling": 2.5
[2026-04-14 13:34:07] [INFO] [DEF]:   },
[2026-04-14 13:34:07] [INFO] [DEF]:   "surrogate": {
[2026-04-14 13:34:07] [INFO] [DEF]:     "sali_min": -11.494197070506956,
[2026-04-14 13:34:07] [INFO] [DEF]:     "sali_max": 4.821637332766433e-16
[2026-04-14 13:34:07] [INFO] [DEF]:   }
[2026-04-14 13:34:07] [INFO] [DEF]: }
[2026-04-14 13:34:10] [INFO] [DEF]: Agent params: {
[2026-04-14 13:34:10] [INFO] [DEF]:   "agent_type": "SAC",
[2026-04-14 13:34:10] [INFO] [DEF]:   "state_dim": 9,
[2026-04-14 13:34:10] [INFO] [DEF]:   "action_dim": 2,
[2026-04-14 13:34:10] [INFO] [DEF]:   "hidden_dim": 256,
[2026-04-14 13:34:10] [INFO] [DEF]:   "gamma": 0.99,
[2026-04-14 13:34:10] [INFO] [DEF]:   "tau": 0.005,
[2026-04-14 13:34:10] [INFO] [DEF]:   "actor_lr": 0.0003,
[2026-04-14 13:34:10] [INFO] [DEF]:   "critic_lr": 0.0003,
[2026-04-14 13:34:10] [INFO] [DEF]:   "alpha_lr": 0.0003,
[2026-04-14 13:34:10] [INFO] [DEF]:   "init_alpha": 0.20000000298023224,
[2026-04-14 13:34:10] [INFO] [DEF]:   "target_entropy": -2.0,
[2026-04-14 13:34:10] [INFO] [DEF]:   "actor_params": 69892,
[2026-04-14 13:34:10] [INFO] [DEF]:   "critic_params": 139266
[2026-04-14 13:34:10] [INFO] [DEF]: }
[2026-04-14 13:34:10] [INFO] [DEF]: Device: cuda
[2026-04-14 13:34:10] [INFO] [DEF]: Generating 250 fixed LHS initial conditions...
[2026-04-14 13:34:28] [INFO] [DEF]: ============================================================
[2026-04-14 13:34:28] [INFO] [DEF]: PID BASELINE STRESS TEST (250 ICs, 15 workers)
[2026-04-14 13:34:28] [INFO] [DEF]: ============================================================
[2026-04-14 13:42:38] [INFO] [DEF]: Completed in 490.0s (15 workers)
[2026-04-14 13:42:38] [INFO] [DEF]: Diverged:      0/250
[2026-04-14 13:42:38] [INFO] [DEF]: Effort:        mean=25432.2  std=11795.8  median=23308.7  [4753.7, 74019.9]
[2026-04-14 13:42:38] [INFO] [DEF]: Final Error:   mean=0.034949  std=0.019756  median=0.032272
[2026-04-14 13:42:38] [INFO] [DEF]: ITWAE:         mean=15.17  std=5.52  median=15.11
[2026-04-14 13:42:38] [INFO] [DEF]: Reward:        mean=2569.3  median=2627.6
[2026-04-14 13:42:38] [INFO] [DEF]: Conv Step:     mean=380  median=374
[2026-04-14 13:42:38] [INFO] [DEF]: ============================================================
[2026-04-14 13:42:38] [INFO] [PAT]: PID baseline results saved to logs/pid_baseline.json
[2026-04-14 13:42:44] [INFO] [DEF]: Ep    1/500 | R=  -6944.36 | Err=  0.6355 | Eff=133619.9 | a=0.0000 | Steps=4000
[2026-04-14 13:42:49] [INFO] [DEF]: Ep    2/500 | R=  -6921.17 | Err=  1.7578 | Eff=136701.6 | a=0.0000 | Steps=8000
[2026-04-14 13:43:28] [INFO] [DEF]: Ep    3/500 | R= -12811.57 | Err=  5.2755 | Eff=260036.7 | a=0.1517 | Steps=12000
[2026-04-14 13:44:37] [INFO] [DEF]: Ep    4/500 | R= -19709.24 | Err=  6.4137 | Eff=405201.2 | a=0.0732 | Steps=16000
[2026-04-14 13:45:46] [INFO] [DEF]: Ep    5/500 | R=  -9930.49 | Err=  0.0958 | Eff=192085.6 | a=0.0762 | Steps=20000
[2026-04-14 13:46:54] [INFO] [DEF]: Ep    6/500 | R=  -3014.51 | Err=  1.1942 | Eff= 81414.7 | a=0.1178 | Steps=24000
[2026-04-14 13:48:01] [INFO] [DEF]: Ep    7/500 | R=     71.77 | Err=  0.3753 | Eff= 68190.3 | a=0.1256 | Steps=28000
[2026-04-14 13:49:09] [INFO] [DEF]: Ep    8/500 | R=     26.18 | Err=  0.4580 | Eff= 62170.5 | a=0.1815 | Steps=32000
[2026-04-14 13:50:15] [INFO] [DEF]: Ep    9/500 | R=  -2154.36 | Err=  0.4669 | Eff= 90168.9 | a=0.1780 | Steps=36000
[2026-04-14 13:51:22] [INFO] [DEF]: Ep   10/500 | R=  -1567.40 | Err=  0.5016 | Eff= 80807.7 | a=0.1440 | Steps=40000
[2026-04-14 13:51:57] [INFO] [DEF]: [EVAL] R=   2100.81 | Err=  0.3898 | Eff= 33031.2 | ITWAE=   84.83 | ConvStep=365
[2026-04-14 13:51:57] [INFO] [FIN]: [BEST] New best reward: 2100.81
[2026-04-14 13:51:57] [INFO] [FIN]: [BEST] New best error: 0.389755
[2026-04-14 13:53:05] [INFO] [DEF]: Ep   11/500 | R=    556.22 | Err=  0.3535 | Eff= 59142.9 | a=0.1201 | Steps=44000
[2026-04-14 13:54:11] [INFO] [DEF]: Ep   12/500 | R=   1382.99 | Err=  0.3434 | Eff= 42240.7 | a=0.1229 | Steps=48000
[2026-04-14 13:55:18] [INFO] [DEF]: Ep   13/500 | R=   1459.36 | Err=  0.5032 | Eff= 40607.0 | a=0.1287 | Steps=52000
[2026-04-14 13:56:25] [INFO] [DEF]: Ep   14/500 | R=   2018.90 | Err=  0.2766 | Eff= 30551.5 | a=0.1132 | Steps=56000
[2026-04-14 13:57:32] [INFO] [DEF]: Ep   15/500 | R=    937.69 | Err=  0.2947 | Eff= 52960.0 | a=0.1167 | Steps=60000
[2026-04-14 13:58:39] [INFO] [DEF]: Ep   16/500 | R=   1848.07 | Err=  0.2465 | Eff= 37286.3 | a=0.1228 | Steps=64000
[2026-04-14 13:59:45] [INFO] [DEF]: Ep   17/500 | R=   1855.87 | Err=  0.4434 | Eff= 35008.8 | a=0.1379 | Steps=68000
[2026-04-14 14:00:52] [INFO] [DEF]: Ep   18/500 | R=   1648.64 | Err=  0.3523 | Eff= 40742.8 | a=0.1325 | Steps=72000
[2026-04-14 14:01:59] [INFO] [DEF]: Ep   19/500 | R=   1416.59 | Err=  0.2938 | Eff= 44775.1 | a=0.1311 | Steps=76000
[2026-04-14 14:03:06] [INFO] [DEF]: Ep   20/500 | R=   1370.41 | Err=  0.2512 | Eff= 45420.4 | a=0.1218 | Steps=80000
[2026-04-14 14:03:41] [INFO] [DEF]: [EVAL] R=   2357.17 | Err=  0.2711 | Eff= 27609.7 | ITWAE=   60.73 | ConvStep=368
[2026-04-14 14:03:41] [INFO] [FIN]: [BEST] New best reward: 2357.17
[2026-04-14 14:03:41] [INFO] [FIN]: [BEST] New best error: 0.271102
[2026-04-14 14:04:48] [INFO] [DEF]: Ep   21/500 | R=   1722.49 | Err=  0.1680 | Eff= 39808.1 | a=0.1136 | Steps=84000
[2026-04-14 14:05:55] [INFO] [DEF]: Ep   22/500 | R=   1599.65 | Err=  0.3193 | Eff= 42069.7 | a=0.1113 | Steps=88000
[2026-04-14 14:07:01] [INFO] [DEF]: Ep   23/500 | R=   1593.73 | Err=  0.2640 | Eff= 40372.2 | a=0.1098 | Steps=92000
[2026-04-14 14:08:06] [INFO] [DEF]: Ep   24/500 | R=   1833.82 | Err=  0.2668 | Eff= 34395.1 | a=0.1029 | Steps=96000
[2026-04-14 14:09:12] [INFO] [DEF]: Ep   25/500 | R=   1662.51 | Err=  0.3164 | Eff= 45994.1 | a=0.0945 | Steps=100000
[2026-04-14 14:10:17] [INFO] [DEF]: Ep   26/500 | R=   1211.15 | Err=  0.1723 | Eff= 51778.2 | a=0.0973 | Steps=104000
[2026-04-14 14:11:22] [INFO] [DEF]: Ep   27/500 | R=   1687.61 | Err=  0.1482 | Eff= 38658.9 | a=0.0988 | Steps=108000
[2026-04-14 14:12:29] [INFO] [DEF]: Ep   28/500 | R=   1736.67 | Err=  0.0751 | Eff= 42792.1 | a=0.0951 | Steps=112000
[2026-04-14 14:13:34] [INFO] [DEF]: Ep   29/500 | R=   1951.85 | Err=  0.2640 | Eff= 33381.2 | a=0.0951 | Steps=116000
[2026-04-14 14:14:39] [INFO] [DEF]: Ep   30/500 | R=   1942.87 | Err=  0.2578 | Eff= 33938.9 | a=0.0914 | Steps=120000
[2026-04-14 14:15:13] [INFO] [DEF]: [EVAL] R=   2274.17 | Err=  0.3076 | Eff= 28935.5 | ITWAE=   68.23 | ConvStep=351
[2026-04-14 14:16:19] [INFO] [DEF]: Ep   31/500 | R=   2204.07 | Err=  0.2153 | Eff= 31430.5 | a=0.0908 | Steps=124000
[2026-04-14 14:17:24] [INFO] [DEF]: Ep   32/500 | R=   1757.50 | Err=  0.2741 | Eff= 37211.2 | a=0.0908 | Steps=128000
[2026-04-14 14:18:29] [INFO] [DEF]: Ep   33/500 | R=   2184.05 | Err=  0.3788 | Eff= 35208.7 | a=0.0956 | Steps=132000
[2026-04-14 14:19:34] [INFO] [DEF]: Ep   34/500 | R=   1362.97 | Err=  0.1823 | Eff= 48140.3 | a=0.0937 | Steps=136000
[2026-04-14 14:20:40] [INFO] [DEF]: Ep   35/500 | R=   1530.58 | Err=  0.3274 | Eff= 40980.6 | a=0.0949 | Steps=140000
[2026-04-14 14:21:45] [INFO] [DEF]: Ep   36/500 | R=   1996.69 | Err=  0.2454 | Eff= 32490.0 | a=0.0920 | Steps=144000
[2026-04-14 14:22:51] [INFO] [DEF]: Ep   37/500 | R=   1536.58 | Err=  0.1627 | Eff= 44824.3 | a=0.0872 | Steps=148000
[2026-04-14 14:23:56] [INFO] [DEF]: Ep   38/500 | R=   1590.56 | Err=  0.2559 | Eff= 44722.0 | a=0.0813 | Steps=152000
[2026-04-14 14:25:01] [INFO] [DEF]: Ep   39/500 | R=   1822.11 | Err=  0.1232 | Eff= 36857.1 | a=0.0773 | Steps=156000
[2026-04-14 14:26:06] [INFO] [DEF]: Ep   40/500 | R=   1757.27 | Err=  0.3011 | Eff= 40255.2 | a=0.0785 | Steps=160000
[2026-04-14 14:26:40] [INFO] [DEF]: [EVAL] R=   2488.83 | Err=  0.2503 | Eff= 26049.3 | ITWAE=   56.60 | ConvStep=350
[2026-04-14 14:26:40] [INFO] [FIN]: [BEST] New best reward: 2488.83
[2026-04-14 14:26:40] [INFO] [FIN]: [BEST] New best error: 0.250258
[2026-04-14 14:27:46] [INFO] [DEF]: Ep   41/500 | R=   2349.68 | Err=  0.2095 | Eff= 30417.0 | a=0.0780 | Steps=164000
[2026-04-14 14:28:51] [INFO] [DEF]: Ep   42/500 | R=   2404.11 | Err=  0.3198 | Eff= 26972.2 | a=0.0767 | Steps=168000
[2026-04-14 14:29:56] [INFO] [DEF]: Ep   43/500 | R=   1979.68 | Err=  0.3737 | Eff= 34902.2 | a=0.0741 | Steps=172000
[2026-04-14 14:31:01] [INFO] [DEF]: Ep   44/500 | R=   1815.61 | Err=  0.3613 | Eff= 36877.9 | a=0.0740 | Steps=176000
[2026-04-14 14:32:06] [INFO] [DEF]: Ep   45/500 | R=   2038.43 | Err=  0.3543 | Eff= 32932.2 | a=0.0734 | Steps=180000
[2026-04-14 14:33:11] [INFO] [DEF]: Ep   46/500 | R=   1511.37 | Err=  0.2787 | Eff= 44795.4 | a=0.0712 | Steps=184000
[2026-04-14 14:34:16] [INFO] [DEF]: Ep   47/500 | R=   1744.17 | Err=  0.2560 | Eff= 46125.1 | a=0.0713 | Steps=188000
[2026-04-14 14:35:21] [INFO] [DEF]: Ep   48/500 | R=   1388.09 | Err=  0.3072 | Eff= 44320.9 | a=0.0696 | Steps=192000
[2026-04-14 14:36:25] [INFO] [DEF]: Ep   49/500 | R=   1941.25 | Err=  0.2325 | Eff= 35383.8 | a=0.0707 | Steps=196000
[2026-04-14 14:37:30] [INFO] [DEF]: Ep   50/500 | R=   2449.13 | Err=  0.0782 | Eff= 27478.3 | a=0.0662 | Steps=200000
[2026-04-14 14:38:04] [INFO] [DEF]: [EVAL] R=   2592.03 | Err=  0.1828 | Eff= 22964.8 | ITWAE=   43.40 | ConvStep=374
[2026-04-14 14:38:04] [INFO] [FIN]: [BEST] New best reward: 2592.03
[2026-04-14 14:38:04] [INFO] [FIN]: [BEST] New best error: 0.182812
[2026-04-14 14:38:04] [INFO] [PAT]: Checkpoint saved: ckpt_ep00050.pth
[2026-04-14 14:39:09] [INFO] [DEF]: Ep   51/500 | R=   1744.50 | Err=  0.1309 | Eff= 42293.7 | a=0.0663 | Steps=204000
[2026-04-14 14:40:14] [INFO] [DEF]: Ep   52/500 | R=   2137.73 | Err=  0.2455 | Eff= 29858.5 | a=0.0654 | Steps=208000
[2026-04-14 14:41:19] [INFO] [DEF]: Ep   53/500 | R=   2070.32 | Err=  0.1998 | Eff= 34526.0 | a=0.0682 | Steps=212000
[2026-04-14 14:42:24] [INFO] [DEF]: Ep   54/500 | R=   1635.34 | Err=  0.0778 | Eff= 43532.5 | a=0.0694 | Steps=216000
[2026-04-14 14:43:29] [INFO] [DEF]: Ep   55/500 | R=   2034.40 | Err=  0.3162 | Eff= 36563.0 | a=0.0644 | Steps=220000
[2026-04-14 14:44:34] [INFO] [DEF]: Ep   56/500 | R=   1893.98 | Err=  0.2405 | Eff= 35558.8 | a=0.0655 | Steps=224000
[2026-04-14 14:45:39] [INFO] [DEF]: Ep   57/500 | R=   1775.64 | Err=  0.2859 | Eff= 38228.5 | a=0.0642 | Steps=228000
[2026-04-14 14:46:44] [INFO] [DEF]: Ep   58/500 | R=   2434.57 | Err=  0.1614 | Eff= 25040.3 | a=0.0633 | Steps=232000
[2026-04-14 14:47:49] [INFO] [DEF]: Ep   59/500 | R=   2073.73 | Err=  0.3337 | Eff= 33679.2 | a=0.0634 | Steps=236000
[2026-04-14 14:48:54] [INFO] [DEF]: Ep   60/500 | R=   2309.06 | Err=  0.2272 | Eff= 28896.5 | a=0.0620 | Steps=240000
[2026-04-14 14:49:28] [INFO] [DEF]: [EVAL] R=   2657.12 | Err=  0.1936 | Eff= 22273.4 | ITWAE=   45.10 | ConvStep=356
[2026-04-14 14:49:28] [INFO] [FIN]: [BEST] New best reward: 2657.12
[2026-04-14 14:50:33] [INFO] [DEF]: Ep   61/500 | R=   2240.62 | Err=  0.1268 | Eff= 28223.6 | a=0.0598 | Steps=244000
[2026-04-14 14:51:38] [INFO] [DEF]: Ep   62/500 | R=   2350.92 | Err=  0.1407 | Eff= 28402.5 | a=0.0570 | Steps=248000
[2026-04-14 14:52:43] [INFO] [DEF]: Ep   63/500 | R=   1962.46 | Err=  0.1745 | Eff= 33744.7 | a=0.0590 | Steps=252000
[2026-04-14 14:53:48] [INFO] [DEF]: Ep   64/500 | R=   2230.86 | Err=  0.0984 | Eff= 30347.6 | a=0.0575 | Steps=256000
[2026-04-14 14:54:53] [INFO] [DEF]: Ep   65/500 | R=   2065.02 | Err=  0.1614 | Eff= 34810.9 | a=0.0577 | Steps=260000
[2026-04-14 14:55:59] [INFO] [DEF]: Ep   66/500 | R=   1997.63 | Err=  0.2466 | Eff= 32878.6 | a=0.0572 | Steps=264000
[2026-04-14 14:57:04] [INFO] [DEF]: Ep   67/500 | R=   1498.36 | Err=  0.1580 | Eff= 49042.2 | a=0.0554 | Steps=268000
[2026-04-14 14:58:09] [INFO] [DEF]: Ep   68/500 | R=   1997.75 | Err=  0.1938 | Eff= 35718.2 | a=0.0544 | Steps=272000
[2026-04-14 14:59:14] [INFO] [DEF]: Ep   69/500 | R=   1999.94 | Err=  0.1804 | Eff= 34323.2 | a=0.0576 | Steps=276000
[2026-04-14 15:00:19] [INFO] [DEF]: Ep   70/500 | R=   1747.08 | Err=  0.1887 | Eff= 41809.1 | a=0.0575 | Steps=280000
[2026-04-14 15:00:53] [INFO] [DEF]: [EVAL] R=   2756.61 | Err=  0.1474 | Eff= 19893.0 | ITWAE=   36.01 | ConvStep=359
[2026-04-14 15:00:53] [INFO] [FIN]: [BEST] New best reward: 2756.61
[2026-04-14 15:00:53] [INFO] [FIN]: [BEST] New best error: 0.147353
[2026-04-14 15:01:58] [INFO] [DEF]: Ep   71/500 | R=   2048.73 | Err=  0.3145 | Eff= 34520.2 | a=0.0581 | Steps=284000
[2026-04-14 15:03:04] [INFO] [DEF]: Ep   72/500 | R=   2322.18 | Err=  0.1286 | Eff= 27952.7 | a=0.0577 | Steps=288000
[2026-04-14 15:04:09] [INFO] [DEF]: Ep   73/500 | R=   1725.62 | Err=  0.2650 | Eff= 38371.8 | a=0.0562 | Steps=292000
[2026-04-14 15:05:14] [INFO] [DEF]: Ep   74/500 | R=   1671.17 | Err=  0.1791 | Eff= 46839.0 | a=0.0579 | Steps=296000
[2026-04-14 15:06:19] [INFO] [DEF]: Ep   75/500 | R=   1770.73 | Err=  0.1184 | Eff= 42060.3 | a=0.0593 | Steps=300000
[2026-04-14 15:07:24] [INFO] [DEF]: Ep   76/500 | R=   2436.65 | Err=  0.1444 | Eff= 26580.7 | a=0.0565 | Steps=304000
[2026-04-14 15:08:29] [INFO] [DEF]: Ep   77/500 | R=   2721.10 | Err=  0.1481 | Eff= 20079.3 | a=0.0542 | Steps=308000
[2026-04-14 15:09:34] [INFO] [DEF]: Ep   78/500 | R=   2125.94 | Err=  0.2176 | Eff= 31596.6 | a=0.0524 | Steps=312000
[2026-04-14 15:10:39] [INFO] [DEF]: Ep   79/500 | R=   1618.72 | Err=  0.1889 | Eff= 44363.3 | a=0.0553 | Steps=316000
[2026-04-14 15:11:44] [INFO] [DEF]: Ep   80/500 | R=   2063.79 | Err=  0.1423 | Eff= 32523.6 | a=0.0555 | Steps=320000
[2026-04-14 15:12:18] [INFO] [DEF]: [EVAL] R=   2768.80 | Err=  0.1404 | Eff= 19912.5 | ITWAE=   34.57 | ConvStep=354
[2026-04-14 15:12:18] [INFO] [FIN]: [BEST] New best reward: 2768.80
[2026-04-14 15:12:18] [INFO] [FIN]: [BEST] New best error: 0.140444
[2026-04-14 15:13:23] [INFO] [DEF]: Ep   81/500 | R=   1985.90 | Err=  0.1788 | Eff= 34137.0 | a=0.0556 | Steps=324000
[2026-04-14 15:14:32] [INFO] [DEF]: Ep   82/500 | R=   2371.69 | Err=  0.2275 | Eff= 25414.3 | a=0.0549 | Steps=328000
[2026-04-14 15:15:37] [INFO] [DEF]: Ep   83/500 | R=   2442.29 | Err=  0.1090 | Eff= 25784.6 | a=0.0538 | Steps=332000
[2026-04-14 15:16:46] [INFO] [DEF]: Ep   84/500 | R=   1097.52 | Err=  0.1926 | Eff= 58754.1 | a=0.0539 | Steps=336000
[2026-04-14 15:17:51] [INFO] [DEF]: Ep   85/500 | R=   1634.77 | Err=  0.0771 | Eff= 43759.7 | a=0.0544 | Steps=340000
[2026-04-14 15:18:56] [INFO] [DEF]: Ep   86/500 | R=   2329.46 | Err=  0.1324 | Eff= 29071.9 | a=0.0554 | Steps=344000
[2026-04-14 15:20:03] [INFO] [DEF]: Ep   87/500 | R=   2054.12 | Err=  0.1811 | Eff= 34461.6 | a=0.0535 | Steps=348000
[2026-04-14 15:21:09] [INFO] [DEF]: Ep   88/500 | R=   2332.51 | Err=  0.0990 | Eff= 27195.8 | a=0.0529 | Steps=352000
[2026-04-14 15:22:14] [INFO] [DEF]: Ep   89/500 | R=   2191.21 | Err=  0.1186 | Eff= 30432.8 | a=0.0539 | Steps=356000
[2026-04-14 15:23:19] [INFO] [DEF]: Ep   90/500 | R=   2531.10 | Err=  0.1624 | Eff= 31237.0 | a=0.0529 | Steps=360000
[2026-04-14 15:23:53] [INFO] [DEF]: [EVAL] R=   2804.25 | Err=  0.1315 | Eff= 19330.5 | ITWAE=   32.62 | ConvStep=345
[2026-04-14 15:23:54] [INFO] [FIN]: [BEST] New best reward: 2804.25
[2026-04-14 15:23:54] [INFO] [FIN]: [BEST] New best error: 0.131464
[2026-04-14 15:24:59] [INFO] [DEF]: Ep   91/500 | R=   1677.08 | Err=  0.2025 | Eff= 39924.3 | a=0.0513 | Steps=364000
[2026-04-14 15:26:05] [INFO] [DEF]: Ep   92/500 | R=   2544.12 | Err=  0.1483 | Eff= 31018.9 | a=0.0536 | Steps=368000
[2026-04-14 15:27:10] [INFO] [DEF]: Ep   93/500 | R=   2213.59 | Err=  0.0487 | Eff= 31418.0 | a=0.0535 | Steps=372000
[2026-04-14 15:28:16] [INFO] [DEF]: Ep   94/500 | R=   2596.60 | Err=  0.1404 | Eff= 24535.1 | a=0.0534 | Steps=376000
[2026-04-14 15:29:22] [INFO] [DEF]: Ep   95/500 | R=   2221.52 | Err=  0.1981 | Eff= 28300.2 | a=0.0520 | Steps=380000
[2026-04-14 15:30:27] [INFO] [DEF]: Ep   96/500 | R=   1950.75 | Err=  0.2145 | Eff= 36914.7 | a=0.0497 | Steps=384000
[2026-04-14 15:31:32] [INFO] [DEF]: Ep   97/500 | R=   2393.71 | Err=  0.1211 | Eff= 26576.8 | a=0.0510 | Steps=388000
[2026-04-14 15:32:37] [INFO] [DEF]: Ep   98/500 | R=   2548.62 | Err=  0.1185 | Eff= 25512.3 | a=0.0526 | Steps=392000
[2026-04-14 15:33:42] [INFO] [DEF]: Ep   99/500 | R=   2472.37 | Err=  0.1658 | Eff= 26799.8 | a=0.0537 | Steps=396000
[2026-04-14 15:34:47] [INFO] [DEF]: Ep  100/500 | R=   2591.72 | Err=  0.1234 | Eff= 22795.6 | a=0.0509 | Steps=400000
[2026-04-14 15:35:21] [INFO] [DEF]: [EVAL] R=   2946.21 | Err=  0.0775 | Eff= 16322.5 | ITWAE=   21.92 | ConvStep=344
[2026-04-14 15:35:21] [INFO] [FIN]: [BEST] New best reward: 2946.21
[2026-04-14 15:35:21] [INFO] [FIN]: [BEST] New best error: 0.077543
[2026-04-14 15:35:21] [INFO] [PAT]: Checkpoint saved: ckpt_ep00100.pth
[2026-04-14 15:36:25] [INFO] [DEF]: Ep  101/500 | R=   2605.82 | Err=  0.2208 | Eff= 25297.9 | a=0.0529 | Steps=404000
[2026-04-14 15:37:30] [INFO] [DEF]: Ep  102/500 | R=   1926.95 | Err=  0.0834 | Eff= 39597.8 | a=0.0538 | Steps=408000
[2026-04-14 15:38:35] [INFO] [DEF]: Ep  103/500 | R=   2215.92 | Err=  0.1464 | Eff= 28412.9 | a=0.0532 | Steps=412000
[2026-04-14 15:39:39] [INFO] [DEF]: Ep  104/500 | R=   2493.22 | Err=  0.1453 | Eff= 29686.8 | a=0.0521 | Steps=416000
[2026-04-14 15:40:44] [INFO] [DEF]: Ep  105/500 | R=   2321.84 | Err=  0.1247 | Eff= 28043.9 | a=0.0515 | Steps=420000
[2026-04-14 15:41:49] [INFO] [DEF]: Ep  106/500 | R=   1837.74 | Err=  0.1154 | Eff= 36998.4 | a=0.0520 | Steps=424000
[2026-04-14 15:42:54] [INFO] [DEF]: Ep  107/500 | R=   2989.11 | Err=  0.0958 | Eff= 19961.8 | a=0.0512 | Steps=428000
[2026-04-14 15:43:59] [INFO] [DEF]: Ep  108/500 | R=   2300.05 | Err=  0.0294 | Eff= 29193.4 | a=0.0508 | Steps=432000
[2026-04-14 15:45:04] [INFO] [DEF]: Ep  109/500 | R=   1808.17 | Err=  0.0666 | Eff= 39162.2 | a=0.0529 | Steps=436000
[2026-04-14 15:46:09] [INFO] [DEF]: Ep  110/500 | R=   2197.22 | Err=  0.1195 | Eff= 29179.5 | a=0.0543 | Steps=440000
[2026-04-14 15:46:43] [INFO] [DEF]: [EVAL] R=   2983.16 | Err=  0.0297 | Eff= 15172.9 | ITWAE=   12.54 | ConvStep=356
[2026-04-14 15:46:43] [INFO] [FIN]: [BEST] New best reward: 2983.16
[2026-04-14 15:46:43] [INFO] [FIN]: [BEST] New best error: 0.029698
[2026-04-14 15:47:48] [INFO] [DEF]: Ep  111/500 | R=   1934.08 | Err=  0.0646 | Eff= 38635.3 | a=0.0536 | Steps=444000
[2026-04-14 15:48:53] [INFO] [DEF]: Ep  112/500 | R=   2284.82 | Err=  0.1485 | Eff= 28572.5 | a=0.0520 | Steps=448000
[2026-04-14 15:49:58] [INFO] [DEF]: Ep  113/500 | R=   2097.36 | Err=  0.0826 | Eff= 31405.4 | a=0.0533 | Steps=452000
[2026-04-14 15:51:03] [INFO] [DEF]: Ep  114/500 | R=   2476.86 | Err=  0.0546 | Eff= 34722.4 | a=0.0541 | Steps=456000
[2026-04-14 15:52:07] [INFO] [DEF]: Ep  115/500 | R=   2374.17 | Err=  0.1057 | Eff= 28363.0 | a=0.0540 | Steps=460000
[2026-04-14 15:53:12] [INFO] [DEF]: Ep  116/500 | R=   2460.93 | Err=  0.0873 | Eff= 28258.2 | a=0.0523 | Steps=464000
[2026-04-14 15:54:17] [INFO] [DEF]: Ep  117/500 | R=   2417.18 | Err=  0.1348 | Eff= 29654.8 | a=0.0525 | Steps=468000
[2026-04-14 15:55:22] [INFO] [DEF]: Ep  118/500 | R=   1981.27 | Err=  0.0464 | Eff= 33393.0 | a=0.0515 | Steps=472000
[2026-04-14 15:56:27] [INFO] [DEF]: Ep  119/500 | R=   1847.79 | Err=  0.1773 | Eff= 40352.5 | a=0.0511 | Steps=476000
[2026-04-14 15:57:34] [INFO] [DEF]: Ep  120/500 | R=   2071.33 | Err=  0.2544 | Eff= 32432.7 | a=0.0506 | Steps=480000
[2026-04-14 15:58:10] [INFO] [DEF]: [EVAL] R=   2584.82 | Err=  0.1367 | Eff= 24974.6 | ITWAE=   33.73 | ConvStep=347
[2026-04-14 15:59:19] [INFO] [DEF]: Ep  121/500 | R=   2181.47 | Err=  0.1536 | Eff= 31661.1 | a=0.0501 | Steps=484000
[2026-04-14 16:00:28] [INFO] [DEF]: Ep  122/500 | R=   1614.75 | Err=  0.0690 | Eff= 41719.8 | a=0.0507 | Steps=488000
[2026-04-14 16:01:37] [INFO] [DEF]: Ep  123/500 | R=   2070.42 | Err=  0.0652 | Eff= 34394.3 | a=0.0485 | Steps=492000
[2026-04-14 16:02:45] [INFO] [DEF]: Ep  124/500 | R=   2152.74 | Err=  0.0863 | Eff= 33251.1 | a=0.0515 | Steps=496000
[2026-04-14 16:03:54] [INFO] [DEF]: Ep  125/500 | R=   2836.08 | Err=  0.1481 | Eff= 20593.6 | a=0.0466 | Steps=500000
[2026-04-14 16:05:02] [INFO] [DEF]: Ep  126/500 | R=   2667.72 | Err=  0.0549 | Eff= 29056.0 | a=0.0490 | Steps=504000
[2026-04-14 16:06:10] [INFO] [DEF]: Ep  127/500 | R=   1625.52 | Err=  0.2110 | Eff= 47722.5 | a=0.0548 | Steps=508000
[2026-04-14 16:07:18] [INFO] [DEF]: Ep  128/500 | R=   2406.34 | Err=  0.0193 | Eff= 33975.3 | a=0.0508 | Steps=512000
[2026-04-14 16:08:23] [INFO] [DEF]: Ep  129/500 | R=   2621.49 | Err=  0.1184 | Eff= 24261.7 | a=0.0481 | Steps=516000
[2026-04-14 16:09:28] [INFO] [DEF]: Ep  130/500 | R=   2739.27 | Err=  0.2186 | Eff= 24004.4 | a=0.0516 | Steps=520000
[2026-04-14 16:10:02] [INFO] [DEF]: [EVAL] R=   2696.61 | Err=  0.1057 | Eff= 22238.9 | ITWAE=   27.57 | ConvStep=349
[2026-04-14 16:11:08] [INFO] [DEF]: Ep  131/500 | R=   2220.42 | Err=  0.2243 | Eff= 28893.7 | a=0.0501 | Steps=524000
[2026-04-14 16:12:13] [INFO] [DEF]: Ep  132/500 | R=   1824.62 | Err=  0.0659 | Eff= 39379.4 | a=0.0495 | Steps=528000
[2026-04-14 16:13:17] [INFO] [DEF]: Ep  133/500 | R=   1927.59 | Err=  0.1347 | Eff= 37923.0 | a=0.0491 | Steps=532000
[2026-04-14 16:14:22] [INFO] [DEF]: Ep  134/500 | R=   1872.27 | Err=  0.1137 | Eff= 39640.9 | a=0.0488 | Steps=536000
[2026-04-14 16:15:27] [INFO] [DEF]: Ep  135/500 | R=   2285.06 | Err=  0.1074 | Eff= 28900.9 | a=0.0514 | Steps=540000
[2026-04-14 16:16:32] [INFO] [DEF]: Ep  136/500 | R=   2366.88 | Err=  0.2508 | Eff= 28066.7 | a=0.0498 | Steps=544000
[2026-04-14 16:17:37] [INFO] [DEF]: Ep  137/500 | R=   2552.31 | Err=  0.0621 | Eff= 26042.7 | a=0.0484 | Steps=548000
[2026-04-14 16:18:42] [INFO] [DEF]: Ep  138/500 | R=   2147.61 | Err=  0.1709 | Eff= 34580.7 | a=0.0488 | Steps=552000
[2026-04-14 16:19:47] [INFO] [DEF]: Ep  139/500 | R=   2227.07 | Err=  0.0700 | Eff= 31778.6 | a=0.0488 | Steps=556000
[2026-04-14 16:20:53] [INFO] [DEF]: Ep  140/500 | R=   2361.71 | Err=  0.0229 | Eff= 28176.3 | a=0.0508 | Steps=560000
[2026-04-14 16:21:27] [INFO] [DEF]: [EVAL] R=   2851.39 | Err=  0.0904 | Eff= 18449.4 | ITWAE=   24.49 | ConvStep=347
[2026-04-14 16:22:32] [INFO] [DEF]: Ep  141/500 | R=   1988.05 | Err=  0.0823 | Eff= 35287.1 | a=0.0518 | Steps=564000
[2026-04-14 16:23:37] [INFO] [DEF]: Ep  142/500 | R=   2255.04 | Err=  0.1024 | Eff= 31745.7 | a=0.0511 | Steps=568000
[2026-04-14 16:24:42] [INFO] [DEF]: Ep  143/500 | R=   2675.06 | Err=  0.0446 | Eff= 24623.9 | a=0.0505 | Steps=572000
[2026-04-14 16:25:47] [INFO] [DEF]: Ep  144/500 | R=   2740.79 | Err=  0.0905 | Eff= 24024.3 | a=0.0511 | Steps=576000
[2026-04-14 16:26:52] [INFO] [DEF]: Ep  145/500 | R=   2139.76 | Err=  0.0776 | Eff= 29174.3 | a=0.0511 | Steps=580000
[2026-04-14 16:27:57] [INFO] [DEF]: Ep  146/500 | R=   2502.79 | Err=  0.0846 | Eff= 25282.6 | a=0.0503 | Steps=584000
[2026-04-14 16:29:02] [INFO] [DEF]: Ep  147/500 | R=   2132.62 | Err=  0.0647 | Eff= 32042.2 | a=0.0487 | Steps=588000
[2026-04-14 16:30:07] [INFO] [DEF]: Ep  148/500 | R=   2298.75 | Err=  0.1933 | Eff= 27828.5 | a=0.0488 | Steps=592000
[2026-04-14 16:31:12] [INFO] [DEF]: Ep  149/500 | R=   2052.50 | Err=  0.1558 | Eff= 34676.2 | a=0.0473 | Steps=596000
[2026-04-14 16:32:17] [INFO] [DEF]: Ep  150/500 | R=   1895.52 | Err=  0.1803 | Eff= 37409.4 | a=0.0479 | Steps=600000
[2026-04-14 16:32:52] [INFO] [DEF]: [EVAL] R=   2594.96 | Err=  0.1431 | Eff= 24620.7 | ITWAE=   35.10 | ConvStep=343
[2026-04-14 16:32:52] [INFO] [PAT]: Checkpoint saved: ckpt_ep00150.pth
[2026-04-14 16:33:57] [INFO] [DEF]: Ep  151/500 | R=   2148.53 | Err=  0.0728 | Eff= 30902.3 | a=0.0514 | Steps=604000
[2026-04-14 16:35:02] [INFO] [DEF]: Ep  152/500 | R=   2243.47 | Err=  0.0559 | Eff= 29760.9 | a=0.0505 | Steps=608000
[2026-04-14 16:36:07] [INFO] [DEF]: Ep  153/500 | R=   1522.90 | Err=  0.1996 | Eff= 46058.9 | a=0.0496 | Steps=612000
[2026-04-14 16:37:13] [INFO] [DEF]: Ep  154/500 | R=   2206.83 | Err=  0.1312 | Eff= 31346.0 | a=0.0489 | Steps=616000
[2026-04-14 16:38:18] [INFO] [DEF]: Ep  155/500 | R=   1878.35 | Err=  0.0645 | Eff= 38292.2 | a=0.0491 | Steps=620000
[2026-04-14 16:39:23] [INFO] [DEF]: Ep  156/500 | R=   1828.13 | Err=  0.1655 | Eff= 36311.5 | a=0.0493 | Steps=624000
[2026-04-14 16:40:29] [INFO] [DEF]: Ep  157/500 | R=   2598.28 | Err=  0.1612 | Eff= 26448.3 | a=0.0506 | Steps=628000
[2026-04-14 16:41:34] [INFO] [DEF]: Ep  158/500 | R=   2317.43 | Err=  0.2062 | Eff= 26840.3 | a=0.0493 | Steps=632000
[2026-04-14 16:42:41] [INFO] [DEF]: Ep  159/500 | R=   2292.67 | Err=  0.1372 | Eff= 28877.2 | a=0.0491 | Steps=636000
[2026-04-14 16:43:46] [INFO] [DEF]: Ep  160/500 | R=   2008.71 | Err=  0.1128 | Eff= 34226.5 | a=0.0494 | Steps=640000
[2026-04-14 16:44:20] [INFO] [DEF]: [EVAL] R=   2952.99 | Err=  0.0786 | Eff= 15981.0 | ITWAE=   22.17 | ConvStep=344
[2026-04-14 16:45:25] [INFO] [DEF]: Ep  161/500 | R=   2436.30 | Err=  0.1448 | Eff= 24366.1 | a=0.0500 | Steps=644000
[2026-04-14 16:46:31] [INFO] [DEF]: Ep  162/500 | R=   2063.78 | Err=  0.1627 | Eff= 36967.7 | a=0.0505 | Steps=648000
[2026-04-14 16:47:37] [INFO] [DEF]: Ep  163/500 | R=   2451.92 | Err=  0.1781 | Eff= 25494.7 | a=0.0485 | Steps=652000
[2026-04-14 16:48:42] [INFO] [DEF]: Ep  164/500 | R=   2121.87 | Err=  0.0969 | Eff= 33670.8 | a=0.0497 | Steps=656000
[2026-04-14 16:49:47] [INFO] [DEF]: Ep  165/500 | R=   1930.49 | Err=  0.1140 | Eff= 34766.7 | a=0.0447 | Steps=660000
[2026-04-14 16:50:52] [INFO] [DEF]: Ep  166/500 | R=   2349.80 | Err=  0.0820 | Eff= 28278.8 | a=0.0460 | Steps=664000
[2026-04-14 16:51:57] [INFO] [DEF]: Ep  167/500 | R=   2170.71 | Err=  0.1169 | Eff= 31251.2 | a=0.0460 | Steps=668000
[2026-04-14 16:53:02] [INFO] [DEF]: Ep  168/500 | R=   2585.39 | Err=  0.2549 | Eff= 25463.9 | a=0.0466 | Steps=672000
[2026-04-14 16:54:07] [INFO] [DEF]: Ep  169/500 | R=   2420.19 | Err=  0.2485 | Eff= 26515.7 | a=0.0476 | Steps=676000
[2026-04-14 16:55:12] [INFO] [DEF]: Ep  170/500 | R=   2400.00 | Err=  0.1317 | Eff= 29747.1 | a=0.0451 | Steps=680000
[2026-04-14 16:55:46] [INFO] [DEF]: [EVAL] R=   2803.91 | Err=  0.1273 | Eff= 18960.4 | ITWAE=   31.96 | ConvStep=364
[2026-04-14 16:56:51] [INFO] [DEF]: Ep  171/500 | R=   2372.26 | Err=  0.0548 | Eff= 27358.8 | a=0.0468 | Steps=684000
[2026-04-14 16:57:56] [INFO] [DEF]: Ep  172/500 | R=   2234.77 | Err=  0.1039 | Eff= 27984.3 | a=0.0464 | Steps=688000
[2026-04-14 16:59:02] [INFO] [DEF]: Ep  173/500 | R=   2561.03 | Err=  0.1802 | Eff= 22640.6 | a=0.0456 | Steps=692000
[2026-04-14 17:00:07] [INFO] [DEF]: Ep  174/500 | R=   2167.37 | Err=  0.1697 | Eff= 29544.0 | a=0.0466 | Steps=696000
[2026-04-14 17:01:13] [INFO] [DEF]: Ep  175/500 | R=   2181.38 | Err=  0.1711 | Eff= 31390.0 | a=0.0470 | Steps=700000
[2026-04-14 17:02:18] [INFO] [DEF]: Ep  176/500 | R=   2104.06 | Err=  0.0752 | Eff= 34941.2 | a=0.0474 | Steps=704000
[2026-04-14 17:03:24] [INFO] [DEF]: Ep  177/500 | R=   2315.74 | Err=  0.0768 | Eff= 27333.9 | a=0.0481 | Steps=708000
[2026-04-14 17:04:29] [INFO] [DEF]: Ep  178/500 | R=   2398.07 | Err=  0.3066 | Eff= 26156.7 | a=0.0489 | Steps=712000
[2026-04-14 17:05:34] [INFO] [DEF]: Ep  179/500 | R=   2473.03 | Err=  0.1109 | Eff= 24633.5 | a=0.0504 | Steps=716000
[2026-04-14 17:06:39] [INFO] [DEF]: Ep  180/500 | R=   2738.13 | Err=  0.1087 | Eff= 22445.5 | a=0.0499 | Steps=720000
[2026-04-14 17:07:14] [INFO] [DEF]: [EVAL] R=   2672.15 | Err=  0.2195 | Eff= 22247.5 | ITWAE=   50.21 | ConvStep=338
[2026-04-14 17:08:19] [INFO] [DEF]: Ep  181/500 | R=   2171.92 | Err=  0.0915 | Eff= 31702.9 | a=0.0481 | Steps=724000
[2026-04-14 17:09:24] [INFO] [DEF]: Ep  182/500 | R=   2280.57 | Err=  0.2698 | Eff= 31555.3 | a=0.0484 | Steps=728000
[2026-04-14 17:10:29] [INFO] [DEF]: Ep  183/500 | R=   1858.08 | Err=  0.1061 | Eff= 38070.9 | a=0.0478 | Steps=732000
[2026-04-14 17:11:34] [INFO] [DEF]: Ep  184/500 | R=   2236.84 | Err=  0.0926 | Eff= 29275.2 | a=0.0466 | Steps=736000
[2026-04-14 17:12:39] [INFO] [DEF]: Ep  185/500 | R=   2310.80 | Err=  0.0544 | Eff= 30861.0 | a=0.0465 | Steps=740000
[2026-04-14 17:13:44] [INFO] [DEF]: Ep  186/500 | R=   2642.40 | Err=  0.0444 | Eff= 26146.8 | a=0.0422 | Steps=744000
[2026-04-14 17:14:49] [INFO] [DEF]: Ep  187/500 | R=   2197.25 | Err=  0.0531 | Eff= 32167.6 | a=0.0475 | Steps=748000
[2026-04-14 17:15:54] [INFO] [DEF]: Ep  188/500 | R=   2600.72 | Err=  0.1565 | Eff= 22915.1 | a=0.0467 | Steps=752000
[2026-04-14 17:17:00] [INFO] [DEF]: Ep  189/500 | R=   2255.30 | Err=  0.1619 | Eff= 29789.1 | a=0.0483 | Steps=756000
[2026-04-14 17:18:05] [INFO] [DEF]: Ep  190/500 | R=   2090.38 | Err=  0.0956 | Eff= 33562.0 | a=0.0497 | Steps=760000
[2026-04-14 17:18:39] [INFO] [DEF]: [EVAL] R=   2792.15 | Err=  0.1586 | Eff= 19827.6 | ITWAE=   38.01 | ConvStep=339
[2026-04-14 17:19:44] [INFO] [DEF]: Ep  191/500 | R=   2290.49 | Err=  0.1185 | Eff= 27971.5 | a=0.0444 | Steps=764000
[2026-04-14 17:20:49] [INFO] [DEF]: Ep  192/500 | R=   2426.77 | Err=  0.1353 | Eff= 28675.2 | a=0.0461 | Steps=768000
[2026-04-14 17:21:55] [INFO] [DEF]: Ep  193/500 | R=   3085.72 | Err=  0.2077 | Eff= 22257.7 | a=0.0464 | Steps=772000
[2026-04-14 17:23:01] [INFO] [DEF]: Ep  194/500 | R=   2737.95 | Err=  0.2314 | Eff= 27069.9 | a=0.0473 | Steps=776000
[2026-04-14 17:24:06] [INFO] [DEF]: Ep  195/500 | R=   2376.66 | Err=  0.1164 | Eff= 28104.0 | a=0.0493 | Steps=780000
[2026-04-14 17:25:17] [INFO] [DEF]: Ep  196/500 | R=   2179.39 | Err=  0.1060 | Eff= 33028.9 | a=0.0457 | Steps=784000
[2026-04-14 17:26:23] [INFO] [DEF]: Ep  197/500 | R=   2423.09 | Err=  0.0386 | Eff= 27144.7 | a=0.0448 | Steps=788000
[2026-04-14 17:27:28] [INFO] [DEF]: Ep  198/500 | R=   2099.18 | Err=  0.2173 | Eff= 31732.7 | a=0.0437 | Steps=792000
[2026-04-14 17:28:34] [INFO] [DEF]: Ep  199/500 | R=   2295.55 | Err=  0.1682 | Eff= 27608.4 | a=0.0420 | Steps=796000
[2026-04-14 17:29:39] [INFO] [DEF]: Ep  200/500 | R=   1679.31 | Err=  0.2248 | Eff= 42286.8 | a=0.0439 | Steps=800000
[2026-04-14 17:30:13] [INFO] [DEF]: [EVAL] R=   2482.66 | Err=  0.2464 | Eff= 26895.8 | ITWAE=   55.44 | ConvStep=336
[2026-04-14 17:30:14] [INFO] [PAT]: Checkpoint saved: ckpt_ep00200.pth
[2026-04-14 17:31:19] [INFO] [DEF]: Ep  201/500 | R=   2386.05 | Err=  0.1445 | Eff= 26707.0 | a=0.0433 | Steps=804000
[2026-04-14 17:32:25] [INFO] [DEF]: Ep  202/500 | R=   2580.30 | Err=  0.1072 | Eff= 23773.0 | a=0.0438 | Steps=808000
[2026-04-14 17:33:30] [INFO] [DEF]: Ep  203/500 | R=   2573.37 | Err=  0.1919 | Eff= 25287.5 | a=0.0445 | Steps=812000
[2026-04-14 17:34:35] [INFO] [DEF]: Ep  204/500 | R=   2064.87 | Err=  0.1541 | Eff= 31936.2 | a=0.0457 | Steps=816000
[2026-04-14 17:35:41] [INFO] [DEF]: Ep  205/500 | R=   2269.58 | Err=  0.1748 | Eff= 28755.3 | a=0.0443 | Steps=820000
[2026-04-14 17:36:46] [INFO] [DEF]: Ep  206/500 | R=   2408.66 | Err=  0.2727 | Eff= 30550.7 | a=0.0428 | Steps=824000
[2026-04-14 17:37:51] [INFO] [DEF]: Ep  207/500 | R=   1974.86 | Err=  0.0602 | Eff= 35914.7 | a=0.0432 | Steps=828000
[2026-04-14 17:38:56] [INFO] [DEF]: Ep  208/500 | R=   1958.82 | Err=  0.1643 | Eff= 34019.1 | a=0.0422 | Steps=832000
[2026-04-14 17:40:02] [INFO] [DEF]: Ep  209/500 | R=   1394.94 | Err=  0.1202 | Eff= 46324.6 | a=0.0402 | Steps=836000
[2026-04-14 17:41:07] [INFO] [DEF]: Ep  210/500 | R=   1832.85 | Err=  0.0890 | Eff= 40696.1 | a=0.0430 | Steps=840000
[2026-04-14 17:41:41] [INFO] [DEF]: [EVAL] R=   2807.37 | Err=  0.0986 | Eff= 18948.7 | ITWAE=   26.36 | ConvStep=369
[2026-04-14 17:42:47] [INFO] [DEF]: Ep  211/500 | R=   2328.44 | Err=  0.0335 | Eff= 28772.2 | a=0.0420 | Steps=844000
[2026-04-14 17:43:52] [INFO] [DEF]: Ep  212/500 | R=   1988.66 | Err=  0.1024 | Eff= 34777.3 | a=0.0434 | Steps=848000
[2026-04-14 17:44:58] [INFO] [DEF]: Ep  213/500 | R=   2631.10 | Err=  0.0699 | Eff= 22514.7 | a=0.0423 | Steps=852000
[2026-04-14 17:46:05] [INFO] [DEF]: Ep  214/500 | R=   2164.65 | Err=  0.1554 | Eff= 29186.7 | a=0.0407 | Steps=856000
[2026-04-14 17:47:11] [INFO] [DEF]: Ep  215/500 | R=   2452.05 | Err=  0.2449 | Eff= 25215.4 | a=0.0401 | Steps=860000
[2026-04-14 17:48:17] [INFO] [DEF]: Ep  216/500 | R=   1187.20 | Err=  0.1767 | Eff= 57239.5 | a=0.0356 | Steps=864000
[2026-04-14 17:49:23] [INFO] [DEF]: Ep  217/500 | R=   1695.97 | Err=  0.0817 | Eff= 42443.3 | a=0.0398 | Steps=868000
[2026-04-14 17:50:34] [INFO] [DEF]: Ep  218/500 | R=   2016.64 | Err=  0.1464 | Eff= 33003.3 | a=0.0437 | Steps=872000
[2026-04-14 17:51:53] [INFO] [DEF]: Ep  219/500 | R=   2236.38 | Err=  0.1599 | Eff= 34196.7 | a=0.0423 | Steps=876000
[2026-04-14 17:53:13] [INFO] [DEF]: Ep  220/500 | R=   2318.54 | Err=  0.0722 | Eff= 27997.8 | a=0.0438 | Steps=880000
[2026-04-14 17:53:54] [INFO] [DEF]: [EVAL] R=   2801.63 | Err=  0.1420 | Eff= 19463.6 | ITWAE=   34.81 | ConvStep=339
[2026-04-14 17:55:09] [INFO] [DEF]: Ep  221/500 | R=   2188.43 | Err=  0.1144 | Eff= 34153.5 | a=0.0428 | Steps=884000
[2026-04-14 17:56:25] [INFO] [DEF]: Ep  222/500 | R=   2054.30 | Err=  0.0796 | Eff= 38227.3 | a=0.0467 | Steps=888000
[2026-04-14 17:57:42] [INFO] [DEF]: Ep  223/500 | R=   1706.34 | Err=  0.1156 | Eff= 39215.7 | a=0.0438 | Steps=892000
[2026-04-14 17:59:03] [INFO] [DEF]: Ep  224/500 | R=   2124.76 | Err=  0.0888 | Eff= 31551.4 | a=0.0428 | Steps=896000
[2026-04-14 18:00:17] [INFO] [DEF]: Ep  225/500 | R=   2433.97 | Err=  0.0895 | Eff= 25208.7 | a=0.0402 | Steps=900000
[2026-04-14 18:01:28] [INFO] [DEF]: Ep  226/500 | R=   2235.96 | Err=  0.1642 | Eff= 27999.5 | a=0.0426 | Steps=904000
[2026-04-14 18:02:42] [INFO] [DEF]: Ep  227/500 | R=   2159.26 | Err=  0.1239 | Eff= 31667.8 | a=0.0447 | Steps=908000
[2026-04-14 18:03:56] [INFO] [DEF]: Ep  228/500 | R=   2647.74 | Err=  0.0933 | Eff= 24003.1 | a=0.0449 | Steps=912000
[2026-04-14 18:05:09] [INFO] [DEF]: Ep  229/500 | R=   2130.69 | Err=  0.0949 | Eff= 33930.3 | a=0.0451 | Steps=916000
[2026-04-14 18:06:22] [INFO] [DEF]: Ep  230/500 | R=   1722.09 | Err=  0.1368 | Eff= 41750.0 | a=0.0434 | Steps=920000
[2026-04-14 18:07:03] [INFO] [DEF]: [EVAL] R=   2920.80 | Err=  0.1021 | Eff= 16900.6 | ITWAE=   26.83 | ConvStep=338
[2026-04-14 18:08:28] [INFO] [DEF]: Ep  231/500 | R=   2352.08 | Err=  0.1416 | Eff= 29100.9 | a=0.0403 | Steps=924000
[2026-04-14 18:09:51] [INFO] [DEF]: Ep  232/500 | R=   2252.64 | Err=  0.1311 | Eff= 29053.7 | a=0.0408 | Steps=928000
[2026-04-14 18:11:08] [INFO] [DEF]: Ep  233/500 | R=   1903.86 | Err=  0.1335 | Eff= 34954.1 | a=0.0418 | Steps=932000
[2026-04-14 18:12:25] [INFO] [DEF]: Ep  234/500 | R=   2048.29 | Err=  0.1902 | Eff= 37964.5 | a=0.0433 | Steps=936000
[2026-04-14 18:13:44] [INFO] [DEF]: Ep  235/500 | R=   2736.04 | Err=  0.0727 | Eff= 21128.6 | a=0.0418 | Steps=940000
[2026-04-14 18:15:01] [INFO] [DEF]: Ep  236/500 | R=   2590.39 | Err=  0.0649 | Eff= 23532.7 | a=0.0428 | Steps=944000
[2026-04-14 18:16:17] [INFO] [DEF]: Ep  237/500 | R=   2258.39 | Err=  0.0624 | Eff= 30415.3 | a=0.0418 | Steps=948000
[2026-04-14 18:17:30] [INFO] [DEF]: Ep  238/500 | R=   2035.61 | Err=  0.2261 | Eff= 33045.6 | a=0.0397 | Steps=952000
[2026-04-14 18:18:44] [INFO] [DEF]: Ep  239/500 | R=   1983.98 | Err=  0.2517 | Eff= 36758.0 | a=0.0407 | Steps=956000
[2026-04-14 18:19:56] [INFO] [DEF]: Ep  240/500 | R=   2712.29 | Err=  0.0772 | Eff= 21390.5 | a=0.0420 | Steps=960000
[2026-04-14 18:20:35] [INFO] [DEF]: [EVAL] R=   2967.04 | Err=  0.0697 | Eff= 16005.8 | ITWAE=   20.46 | ConvStep=340
[2026-04-14 18:21:49] [INFO] [DEF]: Ep  241/500 | R=   2190.81 | Err=  0.0466 | Eff= 29249.4 | a=0.0407 | Steps=964000
[2026-04-14 18:22:58] [INFO] [DEF]: Ep  242/500 | R=   2761.39 | Err=  0.0622 | Eff= 24381.1 | a=0.0405 | Steps=968000
[2026-04-14 18:24:06] [INFO] [DEF]: Ep  243/500 | R=   2509.67 | Err=  0.1218 | Eff= 26228.9 | a=0.0396 | Steps=972000
[2026-04-14 18:25:18] [INFO] [DEF]: Ep  244/500 | R=   2160.46 | Err=  0.1686 | Eff= 32771.2 | a=0.0414 | Steps=976000
[2026-04-14 18:26:29] [INFO] [DEF]: Ep  245/500 | R=   2124.60 | Err=  0.0862 | Eff= 33909.3 | a=0.0401 | Steps=980000
[2026-04-14 18:27:39] [INFO] [DEF]: Ep  246/500 | R=   2385.37 | Err=  0.2375 | Eff= 25937.2 | a=0.0383 | Steps=984000
[2026-04-14 18:28:51] [INFO] [DEF]: Ep  247/500 | R=   2420.56 | Err=  0.1974 | Eff= 26610.2 | a=0.0387 | Steps=988000
[2026-04-14 18:30:03] [INFO] [DEF]: Ep  248/500 | R=   2095.76 | Err=  0.1733 | Eff= 33778.7 | a=0.0407 | Steps=992000
[2026-04-14 18:31:15] [INFO] [DEF]: Ep  249/500 | R=   2660.28 | Err=  0.1210 | Eff= 22834.9 | a=0.0394 | Steps=996000
[2026-04-14 18:32:28] [INFO] [DEF]: Ep  250/500 | R=   2552.83 | Err=  0.1569 | Eff= 26526.5 | a=0.0398 | Steps=1000000
[2026-04-14 18:33:04] [INFO] [DEF]: [EVAL] R=   2926.75 | Err=  0.0976 | Eff= 16792.4 | ITWAE=   25.96 | ConvStep=336
[2026-04-14 18:33:04] [INFO] [PAT]: Checkpoint saved: ckpt_ep00250.pth
[2026-04-14 18:34:16] [INFO] [DEF]: Ep  251/500 | R=   1759.67 | Err=  0.2619 | Eff= 41940.8 | a=0.0397 | Steps=1004000
[2026-04-14 18:35:28] [INFO] [DEF]: Ep  252/500 | R=   2528.48 | Err=  0.1010 | Eff= 26122.6 | a=0.0374 | Steps=1008000
[2026-04-14 18:36:39] [INFO] [DEF]: Ep  253/500 | R=   2706.91 | Err=  0.0922 | Eff= 22550.6 | a=0.0365 | Steps=1012000
[2026-04-14 18:37:51] [INFO] [DEF]: Ep  254/500 | R=   2004.39 | Err=  0.1878 | Eff= 33287.3 | a=0.0398 | Steps=1016000
[2026-04-14 18:39:02] [INFO] [DEF]: Ep  255/500 | R=   2277.14 | Err=  0.1078 | Eff= 28179.7 | a=0.0380 | Steps=1020000
[2026-04-14 18:40:18] [INFO] [DEF]: Ep  256/500 | R=   2189.91 | Err=  0.1841 | Eff= 29768.6 | a=0.0389 | Steps=1024000
[2026-04-14 18:41:42] [INFO] [DEF]: Ep  257/500 | R=   2155.86 | Err=  0.1881 | Eff= 31277.9 | a=0.0408 | Steps=1028000
[2026-04-14 18:43:11] [INFO] [DEF]: Ep  258/500 | R=   1759.82 | Err=  0.0692 | Eff= 42340.9 | a=0.0424 | Steps=1032000
[2026-04-14 18:44:31] [INFO] [DEF]: Ep  259/500 | R=   1755.25 | Err=  0.1252 | Eff= 42651.1 | a=0.0424 | Steps=1036000
[2026-04-14 18:45:43] [INFO] [DEF]: Ep  260/500 | R=   2678.91 | Err=  0.1151 | Eff= 20213.0 | a=0.0401 | Steps=1040000
[2026-04-14 18:46:19] [INFO] [DEF]: [EVAL] R=   2866.72 | Err=  0.1098 | Eff= 18038.1 | ITWAE=   28.44 | ConvStep=347
[2026-04-14 18:47:31] [INFO] [DEF]: Ep  261/500 | R=   2172.93 | Err=  0.1378 | Eff= 31240.3 | a=0.0386 | Steps=1044000
[2026-04-14 18:48:42] [INFO] [DEF]: Ep  262/500 | R=   2427.98 | Err=  0.1368 | Eff= 24491.7 | a=0.0393 | Steps=1048000
[2026-04-14 18:49:53] [INFO] [DEF]: Ep  263/500 | R=   1697.44 | Err=  0.2269 | Eff= 44714.5 | a=0.0375 | Steps=1052000
[2026-04-14 18:51:05] [INFO] [DEF]: Ep  264/500 | R=   2155.41 | Err=  0.1145 | Eff= 31012.4 | a=0.0376 | Steps=1056000
[2026-04-14 18:52:16] [INFO] [DEF]: Ep  265/500 | R=   2014.52 | Err=  0.1266 | Eff= 37444.4 | a=0.0381 | Steps=1060000
[2026-04-14 18:53:28] [INFO] [DEF]: Ep  266/500 | R=   2032.21 | Err=  0.1145 | Eff= 36368.2 | a=0.0399 | Steps=1064000
[2026-04-14 18:54:39] [INFO] [DEF]: Ep  267/500 | R=   2787.00 | Err=  0.1127 | Eff= 20200.4 | a=0.0396 | Steps=1068000
[2026-04-14 18:55:50] [INFO] [DEF]: Ep  268/500 | R=   2601.11 | Err=  0.0307 | Eff= 29836.9 | a=0.0392 | Steps=1072000
[2026-04-14 18:57:01] [INFO] [DEF]: Ep  269/500 | R=   1951.26 | Err=  0.0632 | Eff= 33965.2 | a=0.0370 | Steps=1076000
[2026-04-14 18:58:12] [INFO] [DEF]: Ep  270/500 | R=   2341.06 | Err=  0.0674 | Eff= 29939.6 | a=0.0393 | Steps=1080000
[2026-04-14 18:58:49] [INFO] [DEF]: [EVAL] R=   2998.47 | Err=  0.0313 | Eff= 14842.0 | ITWAE=   12.80 | ConvStep=354
[2026-04-14 18:58:49] [INFO] [FIN]: [BEST] New best reward: 2998.47
[2026-04-14 19:00:00] [INFO] [DEF]: Ep  271/500 | R=   2598.70 | Err=  0.2088 | Eff= 24257.5 | a=0.0368 | Steps=1084000
[2026-04-14 19:01:11] [INFO] [DEF]: Ep  272/500 | R=   2582.82 | Err=  0.0862 | Eff= 21764.0 | a=0.0353 | Steps=1088000
[2026-04-14 19:02:23] [INFO] [DEF]: Ep  273/500 | R=   2148.19 | Err=  0.2144 | Eff= 32291.7 | a=0.0369 | Steps=1092000
[2026-04-14 19:03:34] [INFO] [DEF]: Ep  274/500 | R=   2334.20 | Err=  0.0722 | Eff= 27970.2 | a=0.0361 | Steps=1096000
[2026-04-14 19:04:45] [INFO] [DEF]: Ep  275/500 | R=  -1221.18 | Err=  0.1197 | Eff= 85507.7 | a=0.0422 | Steps=1100000
[2026-04-14 19:05:56] [INFO] [DEF]: Ep  276/500 | R=   2293.96 | Err=  0.0963 | Eff= 28927.8 | a=0.0413 | Steps=1104000
[2026-04-14 19:07:07] [INFO] [DEF]: Ep  277/500 | R=   2400.67 | Err=  0.1222 | Eff= 28031.6 | a=0.0410 | Steps=1108000
[2026-04-14 19:08:19] [INFO] [DEF]: Ep  278/500 | R=   1644.53 | Err=  0.1611 | Eff= 41361.0 | a=0.0426 | Steps=1112000
[2026-04-14 19:09:30] [INFO] [DEF]: Ep  279/500 | R=   1008.72 | Err=  0.1656 | Eff= 59389.6 | a=0.0434 | Steps=1116000
[2026-04-14 19:10:41] [INFO] [DEF]: Ep  280/500 | R=   2121.87 | Err=  0.1657 | Eff= 37922.9 | a=0.0431 | Steps=1120000
[2026-04-14 19:11:18] [INFO] [DEF]: [EVAL] R=   3051.07 | Err=  0.0304 | Eff= 14039.5 | ITWAE=   12.52 | ConvStep=345
[2026-04-14 19:11:18] [INFO] [FIN]: [BEST] New best reward: 3051.07
[2026-04-14 19:12:28] [INFO] [DEF]: Ep  281/500 | R=   2296.54 | Err=  0.1214 | Eff= 28790.3 | a=0.0389 | Steps=1124000
[2026-04-14 19:13:39] [INFO] [DEF]: Ep  282/500 | R=   2587.03 | Err=  0.0255 | Eff= 28438.1 | a=0.0400 | Steps=1128000
[2026-04-14 19:14:50] [INFO] [DEF]: Ep  283/500 | R=   1769.68 | Err=  0.1115 | Eff= 41818.6 | a=0.0376 | Steps=1132000
[2026-04-14 19:16:01] [INFO] [DEF]: Ep  284/500 | R=   2295.05 | Err=  0.0549 | Eff= 28161.1 | a=0.0395 | Steps=1136000
[2026-04-14 19:17:12] [INFO] [DEF]: Ep  285/500 | R=   1998.34 | Err=  0.1222 | Eff= 33571.5 | a=0.0409 | Steps=1140000
[2026-04-14 19:18:24] [INFO] [DEF]: Ep  286/500 | R=   2757.01 | Err=  0.1142 | Eff= 19983.3 | a=0.0394 | Steps=1144000
[2026-04-14 19:19:36] [INFO] [DEF]: Ep  287/500 | R=   2106.67 | Err=  0.0583 | Eff= 31595.5 | a=0.0409 | Steps=1148000
[2026-04-14 19:20:47] [INFO] [DEF]: Ep  288/500 | R=   2127.02 | Err=  0.1637 | Eff= 30917.4 | a=0.0385 | Steps=1152000
[2026-04-14 19:21:58] [INFO] [DEF]: Ep  289/500 | R=   2135.64 | Err=  0.0916 | Eff= 33271.8 | a=0.0384 | Steps=1156000
[2026-04-14 19:23:09] [INFO] [DEF]: Ep  290/500 | R=   1915.67 | Err=  0.0686 | Eff= 43339.4 | a=0.0401 | Steps=1160000
[2026-04-14 19:23:46] [INFO] [DEF]: [EVAL] R=   2998.40 | Err=  0.0511 | Eff= 14903.0 | ITWAE=   16.71 | ConvStep=350
[2026-04-14 19:24:57] [INFO] [DEF]: Ep  291/500 | R=   2075.25 | Err=  0.0890 | Eff= 31209.5 | a=0.0398 | Steps=1164000
[2026-04-14 19:26:08] [INFO] [DEF]: Ep  292/500 | R=   1890.78 | Err=  0.0976 | Eff= 35727.3 | a=0.0371 | Steps=1168000
[2026-04-14 19:27:19] [INFO] [DEF]: Ep  293/500 | R=   2246.75 | Err=  0.1190 | Eff= 28079.0 | a=0.0355 | Steps=1172000
[2026-04-14 19:28:31] [INFO] [DEF]: Ep  294/500 | R=   1886.69 | Err=  0.0866 | Eff= 38305.1 | a=0.0365 | Steps=1176000
[2026-04-14 19:29:42] [INFO] [DEF]: Ep  295/500 | R=   2561.97 | Err=  0.1239 | Eff= 22211.4 | a=0.0377 | Steps=1180000
[2026-04-14 19:30:54] [INFO] [DEF]: Ep  296/500 | R=   2572.08 | Err=  0.2103 | Eff= 24788.0 | a=0.0364 | Steps=1184000
[2026-04-14 19:32:04] [INFO] [DEF]: Ep  297/500 | R=   2296.01 | Err=  0.0497 | Eff= 30996.1 | a=0.0393 | Steps=1188000
[2026-04-14 19:33:16] [INFO] [DEF]: Ep  298/500 | R=   1584.74 | Err=  0.1356 | Eff= 43078.2 | a=0.0377 | Steps=1192000
[2026-04-14 19:34:27] [INFO] [DEF]: Ep  299/500 | R=   1732.57 | Err=  0.0594 | Eff= 43935.4 | a=0.0351 | Steps=1196000
[2026-04-14 19:35:39] [INFO] [DEF]: Ep  300/500 | R=   2199.50 | Err=  0.0696 | Eff= 29705.3 | a=0.0362 | Steps=1200000
[2026-04-14 19:36:16] [INFO] [DEF]: [EVAL] R=   2990.78 | Err=  0.0569 | Eff= 15239.5 | ITWAE=   17.82 | ConvStep=339
[2026-04-14 19:36:16] [INFO] [PAT]: Checkpoint saved: ckpt_ep00300.pth
[2026-04-14 19:37:27] [INFO] [DEF]: Ep  301/500 | R=    634.87 | Err=  1.0589 | Eff= 44721.4 | a=0.0390 | Steps=1204000
[2026-04-14 19:38:39] [INFO] [DEF]: Ep  302/500 | R=   1470.70 | Err=  0.1594 | Eff= 37497.4 | a=0.0534 | Steps=1208000
[2026-04-14 19:39:50] [INFO] [DEF]: Ep  303/500 | R=   2482.42 | Err=  0.1028 | Eff= 29412.3 | a=0.0301 | Steps=1212000
[2026-04-14 19:41:01] [INFO] [DEF]: Ep  304/500 | R=   1994.56 | Err=  0.1534 | Eff= 33803.2 | a=0.0342 | Steps=1216000
[2026-04-14 19:42:12] [INFO] [DEF]: Ep  305/500 | R=   2675.82 | Err=  0.1338 | Eff= 21738.5 | a=0.0378 | Steps=1220000
[2026-04-14 19:43:23] [INFO] [DEF]: Ep  306/500 | R=   2884.29 | Err=  0.0746 | Eff= 19148.1 | a=0.0379 | Steps=1224000
[2026-04-14 19:44:35] [INFO] [DEF]: Ep  307/500 | R=   2046.76 | Err=  0.0782 | Eff= 32928.1 | a=0.0389 | Steps=1228000
[2026-04-14 19:45:49] [INFO] [DEF]: Ep  308/500 | R=   1883.99 | Err=  0.1489 | Eff= 44686.6 | a=0.0370 | Steps=1232000
[2026-04-14 19:47:05] [INFO] [DEF]: Ep  309/500 | R=   2406.87 | Err=  0.0385 | Eff= 27356.2 | a=0.0346 | Steps=1236000
[2026-04-14 19:48:16] [INFO] [DEF]: Ep  310/500 | R=   2001.91 | Err=  0.1040 | Eff= 36545.3 | a=0.0337 | Steps=1240000
[2026-04-14 19:48:53] [INFO] [DEF]: [EVAL] R=   2948.26 | Err=  0.0435 | Eff= 16157.9 | ITWAE=   15.18 | ConvStep=344
[2026-04-14 19:50:05] [INFO] [DEF]: Ep  311/500 | R=   2144.31 | Err=  0.1364 | Eff= 34498.4 | a=0.0314 | Steps=1244000
[2026-04-14 19:51:16] [INFO] [DEF]: Ep  312/500 | R=   2131.79 | Err=  0.0437 | Eff= 30346.8 | a=0.0345 | Steps=1248000
[2026-04-14 19:52:28] [INFO] [DEF]: Ep  313/500 | R=   2415.83 | Err=  0.1006 | Eff= 26922.4 | a=0.0333 | Steps=1252000
[2026-04-14 19:53:40] [INFO] [DEF]: Ep  314/500 | R=   1853.69 | Err=  0.1283 | Eff= 42398.0 | a=0.0371 | Steps=1256000
[2026-04-14 19:54:51] [INFO] [DEF]: Ep  315/500 | R=   2043.75 | Err=  0.0930 | Eff= 39156.0 | a=0.0385 | Steps=1260000
[2026-04-14 19:56:02] [INFO] [DEF]: Ep  316/500 | R=   2634.51 | Err=  0.1112 | Eff= 29108.4 | a=0.0382 | Steps=1264000
[2026-04-14 19:57:14] [INFO] [DEF]: Ep  317/500 | R=   2158.50 | Err=  0.1082 | Eff= 32736.8 | a=0.0363 | Steps=1268000
[2026-04-14 19:58:26] [INFO] [DEF]: Ep  318/500 | R=   2551.72 | Err=  0.1067 | Eff= 25897.5 | a=0.0365 | Steps=1272000
[2026-04-14 19:59:37] [INFO] [DEF]: Ep  319/500 | R=   2216.74 | Err=  0.1065 | Eff= 29730.9 | a=0.0348 | Steps=1276000
[2026-04-14 20:00:49] [INFO] [DEF]: Ep  320/500 | R=   1955.94 | Err=  0.0829 | Eff= 35025.9 | a=0.0370 | Steps=1280000
[2026-04-14 20:01:27] [INFO] [DEF]: [EVAL] R=   3083.19 | Err=  0.0081 | Eff= 13008.2 | ITWAE=    8.11 | ConvStep=338
[2026-04-14 20:01:27] [INFO] [FIN]: [BEST] New best reward: 3083.19
[2026-04-14 20:01:27] [INFO] [FIN]: [BEST] New best error: 0.008091
[2026-04-14 20:02:38] [INFO] [DEF]: Ep  321/500 | R=   1865.10 | Err=  0.1809 | Eff= 36374.0 | a=0.0368 | Steps=1284000
[2026-04-14 20:03:50] [INFO] [DEF]: Ep  322/500 | R=   2416.71 | Err=  0.0847 | Eff= 34287.4 | a=0.0367 | Steps=1288000
[2026-04-14 20:05:01] [INFO] [DEF]: Ep  323/500 | R=   2606.00 | Err=  0.0481 | Eff= 22814.4 | a=0.0362 | Steps=1292000
[2026-04-14 20:06:12] [INFO] [DEF]: Ep  324/500 | R=   2142.94 | Err=  0.1103 | Eff= 33996.3 | a=0.0362 | Steps=1296000
[2026-04-14 20:07:24] [INFO] [DEF]: Ep  325/500 | R=   2341.29 | Err=  0.1482 | Eff= 33445.3 | a=0.0343 | Steps=1300000
[2026-04-14 20:08:35] [INFO] [DEF]: Ep  326/500 | R=   2246.79 | Err=  0.0469 | Eff= 28677.7 | a=0.0366 | Steps=1304000
[2026-04-14 20:09:46] [INFO] [DEF]: Ep  327/500 | R=   2612.37 | Err=  0.1099 | Eff= 20344.4 | a=0.0349 | Steps=1308000
[2026-04-14 20:10:58] [INFO] [DEF]: Ep  328/500 | R=   1426.43 | Err=  0.0941 | Eff= 47987.9 | a=0.0358 | Steps=1312000
[2026-04-14 20:12:10] [INFO] [DEF]: Ep  329/500 | R=   2377.66 | Err=  0.0704 | Eff= 30040.2 | a=0.0389 | Steps=1316000
[2026-04-14 20:13:22] [INFO] [DEF]: Ep  330/500 | R=   2169.72 | Err=  0.0886 | Eff= 32873.6 | a=0.0395 | Steps=1320000
[2026-04-14 20:13:58] [INFO] [DEF]: [EVAL] R=   3098.73 | Err=  0.0119 | Eff= 12982.4 | ITWAE=    8.85 | ConvStep=339
[2026-04-14 20:13:58] [INFO] [FIN]: [BEST] New best reward: 3098.73
[2026-04-14 20:15:09] [INFO] [DEF]: Ep  331/500 | R=   2845.82 | Err=  0.1112 | Eff= 19243.0 | a=0.0378 | Steps=1324000
[2026-04-14 20:16:21] [INFO] [DEF]: Ep  332/500 | R=    718.61 | Err=  0.5069 | Eff= 49278.2 | a=0.0403 | Steps=1328000
[2026-04-14 20:17:33] [INFO] [DEF]: Ep  333/500 | R=   2169.08 | Err=  0.2289 | Eff= 30037.5 | a=0.0479 | Steps=1332000
[2026-04-14 20:18:45] [INFO] [DEF]: Ep  334/500 | R=   1671.60 | Err=  0.2420 | Eff= 39777.8 | a=0.0513 | Steps=1336000
[2026-04-14 20:19:56] [INFO] [DEF]: Ep  335/500 | R=   2377.71 | Err=  0.1942 | Eff= 29576.1 | a=0.0478 | Steps=1340000
[2026-04-14 20:21:07] [INFO] [DEF]: Ep  336/500 | R=   2459.09 | Err=  0.0835 | Eff= 29119.0 | a=0.0431 | Steps=1344000
[2026-04-14 20:22:18] [INFO] [DEF]: Ep  337/500 | R=   1898.81 | Err=  0.0779 | Eff= 37808.3 | a=0.0402 | Steps=1348000
[2026-04-14 20:23:30] [INFO] [DEF]: Ep  338/500 | R=   1983.66 | Err=  0.0611 | Eff= 37656.3 | a=0.0375 | Steps=1352000
[2026-04-14 20:24:42] [INFO] [DEF]: Ep  339/500 | R=   2288.77 | Err=  0.1304 | Eff= 29524.7 | a=0.0376 | Steps=1356000
[2026-04-14 20:25:53] [INFO] [DEF]: Ep  340/500 | R=   2489.80 | Err=  0.0833 | Eff= 28832.3 | a=0.0372 | Steps=1360000
[2026-04-14 20:26:30] [INFO] [DEF]: [EVAL] R=   2744.12 | Err=  0.0996 | Eff= 21526.8 | ITWAE=   26.12 | ConvStep=336
[2026-04-14 20:27:41] [INFO] [DEF]: Ep  341/500 | R=   2372.34 | Err=  0.0971 | Eff= 26020.6 | a=0.0352 | Steps=1364000
[2026-04-14 20:28:53] [INFO] [DEF]: Ep  342/500 | R=   2061.17 | Err=  0.0894 | Eff= 37275.7 | a=0.0369 | Steps=1368000
[2026-04-14 20:30:04] [INFO] [DEF]: Ep  343/500 | R=   1659.38 | Err=  0.0310 | Eff= 45002.5 | a=0.0344 | Steps=1372000
[2026-04-14 20:31:15] [INFO] [DEF]: Ep  344/500 | R=   2213.34 | Err=  0.1436 | Eff= 29293.1 | a=0.0356 | Steps=1376000
[2026-04-14 20:32:27] [INFO] [DEF]: Ep  345/500 | R=   1689.55 | Err=  0.0439 | Eff= 39381.4 | a=0.0348 | Steps=1380000
[2026-04-14 20:33:39] [INFO] [DEF]: Ep  346/500 | R=   2711.93 | Err=  0.0855 | Eff= 20987.4 | a=0.0378 | Steps=1384000
[2026-04-14 20:34:50] [INFO] [DEF]: Ep  347/500 | R=   2356.63 | Err=  0.1452 | Eff= 27951.7 | a=0.0377 | Steps=1388000
[2026-04-14 20:36:02] [INFO] [DEF]: Ep  348/500 | R=   2027.27 | Err=  0.1396 | Eff= 34085.6 | a=0.0352 | Steps=1392000
[2026-04-14 20:37:14] [INFO] [DEF]: Ep  349/500 | R=   2134.31 | Err=  0.0363 | Eff= 30833.8 | a=0.0335 | Steps=1396000
[2026-04-14 20:38:25] [INFO] [DEF]: Ep  350/500 | R=   2261.28 | Err=  0.0987 | Eff= 32093.3 | a=0.0353 | Steps=1400000
[2026-04-14 20:39:01] [INFO] [DEF]: [EVAL] R=   3071.33 | Err=  0.0143 | Eff= 13454.8 | ITWAE=    9.37 | ConvStep=337
[2026-04-14 20:39:01] [INFO] [PAT]: Checkpoint saved: ckpt_ep00350.pth
[2026-04-14 20:40:13] [INFO] [DEF]: Ep  351/500 | R=   2034.81 | Err=  0.0946 | Eff= 33784.9 | a=0.0331 | Steps=1404000
[2026-04-14 20:41:25] [INFO] [DEF]: Ep  352/500 | R=   2565.27 | Err=  0.1081 | Eff= 24082.3 | a=0.0343 | Steps=1408000
[2026-04-14 20:42:35] [INFO] [DEF]: Ep  353/500 | R=   2302.85 | Err=  0.0587 | Eff= 29248.3 | a=0.0348 | Steps=1412000
[2026-04-14 20:43:47] [INFO] [DEF]: Ep  354/500 | R=   2349.19 | Err=  0.1486 | Eff= 30370.6 | a=0.0342 | Steps=1416000
[2026-04-14 20:44:58] [INFO] [DEF]: Ep  355/500 | R=   2143.45 | Err=  0.0695 | Eff= 30862.5 | a=0.0333 | Steps=1420000
[2026-04-14 20:46:10] [INFO] [DEF]: Ep  356/500 | R=   2390.28 | Err=  0.0530 | Eff= 34040.4 | a=0.0363 | Steps=1424000
[2026-04-14 20:47:21] [INFO] [DEF]: Ep  357/500 | R=   2336.42 | Err=  0.1323 | Eff= 27644.8 | a=0.0342 | Steps=1428000
[2026-04-14 20:48:33] [INFO] [DEF]: Ep  358/500 | R=   2369.66 | Err=  0.1369 | Eff= 27231.5 | a=0.0336 | Steps=1432000
[2026-04-14 20:49:44] [INFO] [DEF]: Ep  359/500 | R=   1830.61 | Err=  0.0605 | Eff= 36561.5 | a=0.0323 | Steps=1436000
[2026-04-14 20:50:55] [INFO] [DEF]: Ep  360/500 | R=   2730.05 | Err=  0.0536 | Eff= 22959.5 | a=0.0332 | Steps=1440000
[2026-04-14 20:51:32] [INFO] [DEF]: [EVAL] R=   2972.75 | Err=  0.0391 | Eff= 15562.2 | ITWAE=   14.21 | ConvStep=336
[2026-04-14 20:52:43] [INFO] [DEF]: Ep  361/500 | R=   2372.94 | Err=  0.0995 | Eff= 25630.2 | a=0.0363 | Steps=1444000
[2026-04-14 20:53:54] [INFO] [DEF]: Ep  362/500 | R=   1294.80 | Err=  0.0431 | Eff= 53806.3 | a=0.0358 | Steps=1448000
[2026-04-14 20:55:05] [INFO] [DEF]: Ep  363/500 | R=   1967.64 | Err=  0.0697 | Eff= 33777.6 | a=0.0342 | Steps=1452000
[2026-04-14 20:56:17] [INFO] [DEF]: Ep  364/500 | R=   1945.79 | Err=  0.1030 | Eff= 40316.5 | a=0.0341 | Steps=1456000
[2026-04-14 20:57:28] [INFO] [DEF]: Ep  365/500 | R=   2256.36 | Err=  0.0405 | Eff= 31646.4 | a=0.0341 | Steps=1460000
[2026-04-14 20:58:40] [INFO] [DEF]: Ep  366/500 | R=   2439.07 | Err=  0.0512 | Eff= 25638.9 | a=0.0336 | Steps=1464000
[2026-04-14 20:59:52] [INFO] [DEF]: Ep  367/500 | R=   2640.35 | Err=  0.0511 | Eff= 23532.2 | a=0.0336 | Steps=1468000
[2026-04-14 21:01:03] [INFO] [DEF]: Ep  368/500 | R=   2093.10 | Err=  0.0278 | Eff= 32199.1 | a=0.0359 | Steps=1472000
[2026-04-14 21:02:14] [INFO] [DEF]: Ep  369/500 | R=   2543.96 | Err=  0.1397 | Eff= 24405.8 | a=0.0350 | Steps=1476000
[2026-04-14 21:03:26] [INFO] [DEF]: Ep  370/500 | R=   2637.15 | Err=  0.0567 | Eff= 21388.9 | a=0.0354 | Steps=1480000
[2026-04-14 21:04:02] [INFO] [DEF]: [EVAL] R=   3026.93 | Err=  0.0276 | Eff= 14424.3 | ITWAE=   11.96 | ConvStep=345
[2026-04-14 21:05:13] [INFO] [DEF]: Ep  371/500 | R=   2446.45 | Err=  0.1030 | Eff= 24899.9 | a=0.0332 | Steps=1484000
[2026-04-14 21:06:24] [INFO] [DEF]: Ep  372/500 | R=   2699.49 | Err=  0.1459 | Eff= 27754.7 | a=0.0326 | Steps=1488000
[2026-04-14 21:07:35] [INFO] [DEF]: Ep  373/500 | R=   2329.07 | Err=  0.2193 | Eff= 25930.8 | a=0.0366 | Steps=1492000
[2026-04-14 21:08:47] [INFO] [DEF]: Ep  374/500 | R=   2231.05 | Err=  0.0668 | Eff= 31403.0 | a=0.0354 | Steps=1496000
[2026-04-14 21:09:58] [INFO] [DEF]: Ep  375/500 | R=   2591.66 | Err=  0.0726 | Eff= 24448.5 | a=0.0359 | Steps=1500000
[2026-04-14 21:11:09] [INFO] [DEF]: Ep  376/500 | R=   1750.97 | Err=  0.1668 | Eff= 43555.4 | a=0.0348 | Steps=1504000
[2026-04-14 21:12:20] [INFO] [DEF]: Ep  377/500 | R=   2973.69 | Err=  0.1578 | Eff= 19424.4 | a=0.0354 | Steps=1508000
[2026-04-14 21:13:31] [INFO] [DEF]: Ep  378/500 | R=   2514.55 | Err=  0.1025 | Eff= 27947.3 | a=0.0364 | Steps=1512000
[2026-04-14 21:14:39] [INFO] [DEF]: Ep  379/500 | R=   2059.75 | Err=  0.0553 | Eff= 32728.4 | a=0.0378 | Steps=1516000
[2026-04-14 21:15:47] [INFO] [DEF]: Ep  380/500 | R=   2542.38 | Err=  0.1274 | Eff= 24765.2 | a=0.0376 | Steps=1520000
[2026-04-14 21:16:23] [INFO] [DEF]: [EVAL] R=   2936.38 | Err=  0.0163 | Eff= 15257.2 | ITWAE=   10.25 | ConvStep=382
[2026-04-14 21:17:31] [INFO] [DEF]: Ep  381/500 | R=   2031.69 | Err=  0.0241 | Eff= 33175.3 | a=0.0356 | Steps=1524000
[2026-04-14 21:18:41] [INFO] [DEF]: Ep  382/500 | R=   2173.18 | Err=  0.0206 | Eff= 33630.0 | a=0.0331 | Steps=1528000
[2026-04-14 21:19:50] [INFO] [DEF]: Ep  383/500 | R=   2680.50 | Err=  0.0346 | Eff= 20350.7 | a=0.0342 | Steps=1532000
[2026-04-14 21:20:58] [INFO] [DEF]: Ep  384/500 | R=   2025.42 | Err=  0.1086 | Eff= 34308.7 | a=0.0333 | Steps=1536000
[2026-04-14 21:22:13] [INFO] [DEF]: Ep  385/500 | R=   2369.59 | Err=  0.1546 | Eff= 33031.4 | a=0.0350 | Steps=1540000
[2026-04-14 21:23:33] [INFO] [DEF]: Ep  386/500 | R=   2616.65 | Err=  0.1065 | Eff= 21911.4 | a=0.0342 | Steps=1544000
[2026-04-14 21:24:42] [INFO] [DEF]: Ep  387/500 | R=   2369.20 | Err=  0.2177 | Eff= 33238.6 | a=0.0329 | Steps=1548000
[2026-04-14 21:25:51] [INFO] [DEF]: Ep  388/500 | R=   2039.23 | Err=  0.0571 | Eff= 35465.9 | a=0.0279 | Steps=1552000
[2026-04-14 21:26:59] [INFO] [DEF]: Ep  389/500 | R=   2093.56 | Err=  0.1779 | Eff= 36526.7 | a=0.0338 | Steps=1556000
[2026-04-14 21:28:07] [INFO] [DEF]: Ep  390/500 | R=   2247.51 | Err=  0.1141 | Eff= 32728.5 | a=0.0347 | Steps=1560000
[2026-04-14 21:28:43] [INFO] [DEF]: [EVAL] R=   3057.74 | Err=  0.0268 | Eff= 13912.6 | ITWAE=   11.80 | ConvStep=336
[2026-04-14 21:29:52] [INFO] [DEF]: Ep  391/500 | R=   2832.64 | Err=  0.0578 | Eff= 19706.0 | a=0.0335 | Steps=1564000
[2026-04-14 21:31:00] [INFO] [DEF]: Ep  392/500 | R=   1783.23 | Err=  0.0738 | Eff= 39427.6 | a=0.0316 | Steps=1568000
[2026-04-14 21:32:08] [INFO] [DEF]: Ep  393/500 | R=   2288.53 | Err=  0.0854 | Eff= 27801.8 | a=0.0323 | Steps=1572000
[2026-04-14 21:33:16] [INFO] [DEF]: Ep  394/500 | R=   2368.68 | Err=  0.0543 | Eff= 27322.0 | a=0.0335 | Steps=1576000
[2026-04-14 21:34:24] [INFO] [DEF]: Ep  395/500 | R=   2541.19 | Err=  0.1668 | Eff= 23870.7 | a=0.0314 | Steps=1580000
[2026-04-14 21:35:32] [INFO] [DEF]: Ep  396/500 | R=   2478.46 | Err=  0.0714 | Eff= 28797.3 | a=0.0329 | Steps=1584000
[2026-04-14 21:36:40] [INFO] [DEF]: Ep  397/500 | R=   1909.92 | Err=  0.0779 | Eff= 40263.2 | a=0.0335 | Steps=1588000
[2026-04-14 21:37:48] [INFO] [DEF]: Ep  398/500 | R=   2377.29 | Err=  0.0863 | Eff= 29949.2 | a=0.0333 | Steps=1592000
[2026-04-14 21:38:56] [INFO] [DEF]: Ep  399/500 | R=   2409.69 | Err=  0.1259 | Eff= 25908.4 | a=0.0323 | Steps=1596000
[2026-04-14 21:40:05] [INFO] [DEF]: Ep  400/500 | R=   2305.34 | Err=  0.1315 | Eff= 27720.1 | a=0.0315 | Steps=1600000
[2026-04-14 21:40:40] [INFO] [DEF]: [EVAL] R=   3098.42 | Err=  0.0129 | Eff= 13030.2 | ITWAE=    9.03 | ConvStep=336
[2026-04-14 21:40:40] [INFO] [PAT]: Checkpoint saved: ckpt_ep00400.pth
[2026-04-14 21:41:48] [INFO] [DEF]: Ep  401/500 | R=   2148.90 | Err=  0.0543 | Eff= 30641.9 | a=0.0313 | Steps=1604000
[2026-04-14 21:42:57] [INFO] [DEF]: Ep  402/500 | R=   2168.81 | Err=  0.1090 | Eff= 30746.7 | a=0.0324 | Steps=1608000
[2026-04-14 21:44:05] [INFO] [DEF]: Ep  403/500 | R=   2118.55 | Err=  0.0469 | Eff= 36031.2 | a=0.0326 | Steps=1612000
[2026-04-14 21:45:13] [INFO] [DEF]: Ep  404/500 | R=   2668.70 | Err=  0.1316 | Eff= 20967.8 | a=0.0308 | Steps=1616000
[2026-04-14 21:46:21] [INFO] [DEF]: Ep  405/500 | R=   2377.62 | Err=  0.1456 | Eff= 26252.9 | a=0.0314 | Steps=1620000
[2026-04-14 21:47:30] [INFO] [DEF]: Ep  406/500 | R=   2089.40 | Err=  0.0386 | Eff= 32225.4 | a=0.0306 | Steps=1624000
[2026-04-14 21:48:38] [INFO] [DEF]: Ep  407/500 | R=   2127.90 | Err=  0.1703 | Eff= 32225.3 | a=0.0311 | Steps=1628000
[2026-04-14 21:49:46] [INFO] [DEF]: Ep  408/500 | R=   2030.11 | Err=  0.0832 | Eff= 36066.8 | a=0.0337 | Steps=1632000
[2026-04-14 21:50:56] [INFO] [DEF]: Ep  409/500 | R=   2202.17 | Err=  0.2065 | Eff= 30112.1 | a=0.0354 | Steps=1636000
[2026-04-14 21:52:03] [INFO] [DEF]: Ep  410/500 | R=   2761.46 | Err=  0.0664 | Eff= 21916.9 | a=0.0339 | Steps=1640000
[2026-04-14 21:52:38] [INFO] [DEF]: [EVAL] R=   3071.04 | Err=  0.0253 | Eff= 13467.4 | ITWAE=   11.55 | ConvStep=337
[2026-04-14 21:53:45] [INFO] [DEF]: Ep  411/500 | R=   1992.62 | Err=  0.0563 | Eff= 36146.7 | a=0.0332 | Steps=1644000
[2026-04-14 21:54:53] [INFO] [DEF]: Ep  412/500 | R=   2083.74 | Err=  0.1071 | Eff= 34511.3 | a=0.0314 | Steps=1648000
[2026-04-14 21:56:00] [INFO] [DEF]: Ep  413/500 | R=   2142.11 | Err=  0.2088 | Eff= 35486.7 | a=0.0310 | Steps=1652000
[2026-04-14 21:57:11] [INFO] [DEF]: Ep  414/500 | R=   2534.93 | Err=  0.1167 | Eff= 25815.2 | a=0.0323 | Steps=1656000
[2026-04-14 21:58:19] [INFO] [DEF]: Ep  415/500 | R=   2495.53 | Err=  0.0868 | Eff= 23565.8 | a=0.0307 | Steps=1660000
[2026-04-14 21:59:26] [INFO] [DEF]: Ep  416/500 | R=   1834.41 | Err=  0.1186 | Eff= 37089.5 | a=0.0331 | Steps=1664000
[2026-04-14 22:00:34] [INFO] [DEF]: Ep  417/500 | R=   2164.30 | Err=  0.1295 | Eff= 31289.4 | a=0.0300 | Steps=1668000
[2026-04-14 22:01:41] [INFO] [DEF]: Ep  418/500 | R=   2661.87 | Err=  0.0947 | Eff= 23114.7 | a=0.0333 | Steps=1672000
[2026-04-14 22:02:48] [INFO] [DEF]: Ep  419/500 | R=   2804.31 | Err=  0.0703 | Eff= 22168.9 | a=0.0329 | Steps=1676000
[2026-04-14 22:03:56] [INFO] [DEF]: Ep  420/500 | R=   2213.13 | Err=  0.0377 | Eff= 33459.0 | a=0.0324 | Steps=1680000
[2026-04-14 22:04:31] [INFO] [DEF]: [EVAL] R=   3066.83 | Err=  0.0283 | Eff= 13606.9 | ITWAE=   12.09 | ConvStep=336
[2026-04-14 22:05:38] [INFO] [DEF]: Ep  421/500 | R=   2652.25 | Err=  0.0607 | Eff= 21716.4 | a=0.0338 | Steps=1684000
[2026-04-14 22:06:47] [INFO] [DEF]: Ep  422/500 | R=   2204.83 | Err=  0.1261 | Eff= 29480.2 | a=0.0306 | Steps=1688000
[2026-04-14 22:07:54] [INFO] [DEF]: Ep  423/500 | R=   2814.86 | Err=  0.1205 | Eff= 19800.9 | a=0.0332 | Steps=1692000
[2026-04-14 22:09:02] [INFO] [DEF]: Ep  424/500 | R=   2534.71 | Err=  0.0522 | Eff= 25817.8 | a=0.0329 | Steps=1696000
[2026-04-14 22:10:09] [INFO] [DEF]: Ep  425/500 | R=   2241.12 | Err=  0.0664 | Eff= 31134.8 | a=0.0312 | Steps=1700000
[2026-04-14 22:11:16] [INFO] [DEF]: Ep  426/500 | R=   2440.62 | Err=  0.0935 | Eff= 26886.4 | a=0.0309 | Steps=1704000
[2026-04-14 22:12:24] [INFO] [DEF]: Ep  427/500 | R=   2570.61 | Err=  0.0973 | Eff= 24815.4 | a=0.0314 | Steps=1708000
[2026-04-14 22:13:31] [INFO] [DEF]: Ep  428/500 | R=   2080.42 | Err=  0.0879 | Eff= 31663.9 | a=0.0325 | Steps=1712000
[2026-04-14 22:14:38] [INFO] [DEF]: Ep  429/500 | R=   2444.57 | Err=  0.0704 | Eff= 26842.8 | a=0.0333 | Steps=1716000
[2026-04-14 22:15:45] [INFO] [DEF]: Ep  430/500 | R=   2491.32 | Err=  0.0839 | Eff= 27896.8 | a=0.0346 | Steps=1720000
[2026-04-14 22:16:20] [INFO] [DEF]: [EVAL] R=   3060.24 | Err=  0.0218 | Eff= 13909.8 | ITWAE=   10.86 | ConvStep=337
[2026-04-14 22:17:27] [INFO] [DEF]: Ep  431/500 | R=   2441.05 | Err=  0.0852 | Eff= 25981.8 | a=0.0340 | Steps=1724000
[2026-04-14 22:18:34] [INFO] [DEF]: Ep  432/500 | R=   2192.23 | Err=  0.1068 | Eff= 30674.8 | a=0.0333 | Steps=1728000
[2026-04-14 22:19:42] [INFO] [DEF]: Ep  433/500 | R=   2651.88 | Err=  0.0350 | Eff= 25327.6 | a=0.0320 | Steps=1732000
[2026-04-14 22:20:49] [INFO] [DEF]: Ep  434/500 | R=   2523.19 | Err=  0.0774 | Eff= 25044.5 | a=0.0334 | Steps=1736000
[2026-04-14 22:21:57] [INFO] [DEF]: Ep  435/500 | R=   2770.71 | Err=  0.0786 | Eff= 19338.5 | a=0.0339 | Steps=1740000
[2026-04-14 22:23:04] [INFO] [DEF]: Ep  436/500 | R=   2234.79 | Err=  0.0984 | Eff= 30193.6 | a=0.0316 | Steps=1744000
[2026-04-14 22:24:11] [INFO] [DEF]: Ep  437/500 | R=   2125.35 | Err=  0.1656 | Eff= 34526.0 | a=0.0336 | Steps=1748000
[2026-04-14 22:25:19] [INFO] [DEF]: Ep  438/500 | R=   2228.99 | Err=  0.0925 | Eff= 32833.5 | a=0.0333 | Steps=1752000
[2026-04-14 22:26:26] [INFO] [DEF]: Ep  439/500 | R=   2567.59 | Err=  0.0855 | Eff= 23123.4 | a=0.0319 | Steps=1756000
[2026-04-14 22:27:33] [INFO] [DEF]: Ep  440/500 | R=   1677.02 | Err=  0.0805 | Eff= 43751.5 | a=0.0323 | Steps=1760000
[2026-04-14 22:28:08] [INFO] [DEF]: [EVAL] R=   3025.07 | Err=  0.0292 | Eff= 14491.3 | ITWAE=   12.34 | ConvStep=347
[2026-04-14 22:29:15] [INFO] [DEF]: Ep  441/500 | R=   2749.07 | Err=  0.0700 | Eff= 19988.8 | a=0.0315 | Steps=1764000
[2026-04-14 22:30:22] [INFO] [DEF]: Ep  442/500 | R=   2454.35 | Err=  0.0645 | Eff= 25298.6 | a=0.0329 | Steps=1768000
[2026-04-14 22:31:29] [INFO] [DEF]: Ep  443/500 | R=   1965.83 | Err=  0.0501 | Eff= 36894.0 | a=0.0319 | Steps=1772000
[2026-04-14 22:32:36] [INFO] [DEF]: Ep  444/500 | R=   1412.79 | Err=  0.0365 | Eff= 49736.8 | a=0.0331 | Steps=1776000
[2026-04-14 22:33:43] [INFO] [DEF]: Ep  445/500 | R=   2231.16 | Err=  0.1198 | Eff= 30613.3 | a=0.0322 | Steps=1780000
[2026-04-14 22:34:50] [INFO] [DEF]: Ep  446/500 | R=   2373.26 | Err=  0.0480 | Eff= 29738.8 | a=0.0315 | Steps=1784000
[2026-04-14 22:35:57] [INFO] [DEF]: Ep  447/500 | R=   2126.62 | Err=  0.0251 | Eff= 30444.3 | a=0.0311 | Steps=1788000
[2026-04-14 22:37:04] [INFO] [DEF]: Ep  448/500 | R=   2080.73 | Err=  0.1884 | Eff= 36330.9 | a=0.0321 | Steps=1792000
[2026-04-14 22:38:11] [INFO] [DEF]: Ep  449/500 | R=   2446.11 | Err=  0.1074 | Eff= 28311.0 | a=0.0356 | Steps=1796000
[2026-04-14 22:39:17] [INFO] [DEF]: Ep  450/500 | R=   2504.67 | Err=  0.0752 | Eff= 23881.1 | a=0.0355 | Steps=1800000
[2026-04-14 22:39:52] [INFO] [DEF]: [EVAL] R=   3130.82 | Err=  0.0107 | Eff= 12246.3 | ITWAE=    8.58 | ConvStep=336
[2026-04-14 22:39:52] [INFO] [FIN]: [BEST] New best reward: 3130.82
[2026-04-14 22:39:52] [INFO] [PAT]: Checkpoint saved: ckpt_ep00450.pth
[2026-04-14 22:41:01] [INFO] [DEF]: Ep  451/500 | R=   2583.71 | Err=  0.0521 | Eff= 23055.4 | a=0.0330 | Steps=1804000
[2026-04-14 22:42:08] [INFO] [DEF]: Ep  452/500 | R=   1493.63 | Err=  0.0711 | Eff= 47982.8 | a=0.0336 | Steps=1808000
[2026-04-14 22:43:15] [INFO] [DEF]: Ep  453/500 | R=   1843.87 | Err=  0.1168 | Eff= 42051.4 | a=0.0314 | Steps=1812000
[2026-04-14 22:44:21] [INFO] [DEF]: Ep  454/500 | R=   2617.43 | Err=  0.1961 | Eff= 22152.1 | a=0.0346 | Steps=1816000
[2026-04-14 22:45:29] [INFO] [DEF]: Ep  455/500 | R=   2261.03 | Err=  0.0909 | Eff= 29986.6 | a=0.0347 | Steps=1820000
[2026-04-14 22:46:35] [INFO] [DEF]: Ep  456/500 | R=   2299.16 | Err=  0.1368 | Eff= 35760.6 | a=0.0348 | Steps=1824000
[2026-04-14 22:47:42] [INFO] [DEF]: Ep  457/500 | R=   2057.39 | Err=  0.1948 | Eff= 38687.8 | a=0.0352 | Steps=1828000
[2026-04-14 22:48:49] [INFO] [DEF]: Ep  458/500 | R=   1800.62 | Err=  0.1307 | Eff= 43545.4 | a=0.0375 | Steps=1832000
[2026-04-14 22:49:56] [INFO] [DEF]: Ep  459/500 | R=   1243.18 | Err=  0.1627 | Eff= 57063.2 | a=0.0366 | Steps=1836000
[2026-04-14 22:51:04] [INFO] [DEF]: Ep  460/500 | R=   2477.35 | Err=  0.1119 | Eff= 25620.5 | a=0.0361 | Steps=1840000
[2026-04-14 22:51:39] [INFO] [DEF]: [EVAL] R=   3056.19 | Err=  0.0223 | Eff= 14076.1 | ITWAE=   10.93 | ConvStep=336
[2026-04-14 22:52:46] [INFO] [DEF]: Ep  461/500 | R=   2711.79 | Err=  0.0464 | Eff= 22600.3 | a=0.0370 | Steps=1844000
[2026-04-14 22:53:53] [INFO] [DEF]: Ep  462/500 | R=   2626.88 | Err=  0.0593 | Eff= 27700.2 | a=0.0331 | Steps=1848000
[2026-04-14 22:55:06] [INFO] [DEF]: Ep  463/500 | R=   2385.73 | Err=  0.1306 | Eff= 29417.4 | a=0.0327 | Steps=1852000
[2026-04-14 22:56:15] [INFO] [DEF]: Ep  464/500 | R=   1893.90 | Err=  0.1476 | Eff= 35657.4 | a=0.0347 | Steps=1856000
[2026-04-14 22:57:23] [INFO] [DEF]: Ep  465/500 | R=   2715.25 | Err=  0.0756 | Eff= 21510.8 | a=0.0349 | Steps=1860000
[2026-04-14 22:58:30] [INFO] [DEF]: Ep  466/500 | R=   2141.83 | Err=  0.1245 | Eff= 33128.0 | a=0.0358 | Steps=1864000
[2026-04-14 22:59:38] [INFO] [DEF]: Ep  467/500 | R=   1620.44 | Err=  0.1110 | Eff= 45887.3 | a=0.0358 | Steps=1868000
[2026-04-14 23:00:48] [INFO] [DEF]: Ep  468/500 | R=   2193.94 | Err=  0.1813 | Eff= 31376.3 | a=0.0366 | Steps=1872000
[2026-04-14 23:02:08] [INFO] [DEF]: Ep  469/500 | R=   2343.22 | Err=  0.0353 | Eff= 30424.0 | a=0.0363 | Steps=1876000
[2026-04-14 23:03:22] [INFO] [DEF]: Ep  470/500 | R=   2237.36 | Err=  0.0910 | Eff= 29537.0 | a=0.0351 | Steps=1880000
[2026-04-14 23:04:00] [INFO] [DEF]: [EVAL] R=   3131.64 | Err=  0.0100 | Eff= 12359.1 | ITWAE=    8.49 | ConvStep=337
[2026-04-14 23:04:00] [INFO] [FIN]: [BEST] New best reward: 3131.64
[2026-04-14 23:05:12] [INFO] [DEF]: Ep  471/500 | R=   2602.04 | Err=  0.1153 | Eff= 22727.5 | a=0.0363 | Steps=1884000
[2026-04-14 23:06:26] [INFO] [DEF]: Ep  472/500 | R=   2747.01 | Err=  0.0533 | Eff= 19276.9 | a=0.0337 | Steps=1888000
[2026-04-14 23:07:43] [INFO] [DEF]: Ep  473/500 | R=   2665.09 | Err=  0.1451 | Eff= 24897.2 | a=0.0335 | Steps=1892000
[2026-04-14 23:08:57] [INFO] [DEF]: Ep  474/500 | R=   2698.30 | Err=  0.1621 | Eff= 25309.7 | a=0.0323 | Steps=1896000
[2026-04-14 23:10:11] [INFO] [DEF]: Ep  475/500 | R=   2377.06 | Err=  0.1152 | Eff= 27736.7 | a=0.0310 | Steps=1900000
[2026-04-14 23:11:26] [INFO] [DEF]: Ep  476/500 | R=   3174.54 | Err=  0.0378 | Eff= 17735.4 | a=0.0318 | Steps=1904000
[2026-04-14 23:12:39] [INFO] [DEF]: Ep  477/500 | R=   1310.75 | Err=  0.1083 | Eff= 54146.5 | a=0.0323 | Steps=1908000
[2026-04-14 23:13:55] [INFO] [DEF]: Ep  478/500 | R=   2089.56 | Err=  0.1199 | Eff= 36173.7 | a=0.0326 | Steps=1912000
[2026-04-14 23:15:09] [INFO] [DEF]: Ep  479/500 | R=   1882.83 | Err=  0.1114 | Eff= 40300.4 | a=0.0323 | Steps=1916000
[2026-04-14 23:16:23] [INFO] [DEF]: Ep  480/500 | R=   2422.46 | Err=  0.0872 | Eff= 26384.7 | a=0.0333 | Steps=1920000
[2026-04-14 23:17:01] [INFO] [DEF]: [EVAL] R=   3119.23 | Err=  0.0054 | Eff= 12541.6 | ITWAE=    7.58 | ConvStep=339
[2026-04-14 23:17:01] [INFO] [FIN]: [BEST] New best error: 0.005372
[2026-04-14 23:18:16] [INFO] [DEF]: Ep  481/500 | R=   2164.89 | Err=  0.0826 | Eff= 30674.3 | a=0.0316 | Steps=1924000
[2026-04-14 23:19:30] [INFO] [DEF]: Ep  482/500 | R=   2134.48 | Err=  0.1334 | Eff= 32365.4 | a=0.0331 | Steps=1928000
[2026-04-14 23:20:45] [INFO] [DEF]: Ep  483/500 | R=   2082.51 | Err=  0.0926 | Eff= 33667.9 | a=0.0320 | Steps=1932000
[2026-04-14 23:22:00] [INFO] [DEF]: Ep  484/500 | R=   2735.63 | Err=  0.1368 | Eff= 24528.1 | a=0.0336 | Steps=1936000
[2026-04-14 23:23:15] [INFO] [DEF]: Ep  485/500 | R=   2427.25 | Err=  0.0574 | Eff= 32149.3 | a=0.0329 | Steps=1940000
[2026-04-14 23:24:30] [INFO] [DEF]: Ep  486/500 | R=   2335.91 | Err=  0.1265 | Eff= 28472.7 | a=0.0337 | Steps=1944000
[2026-04-14 23:25:45] [INFO] [DEF]: Ep  487/500 | R=   1778.11 | Err=  0.0859 | Eff= 37825.4 | a=0.0337 | Steps=1948000
[2026-04-14 23:27:00] [INFO] [DEF]: Ep  488/500 | R=   2809.63 | Err=  0.0731 | Eff= 21243.5 | a=0.0335 | Steps=1952000
[2026-04-14 23:28:15] [INFO] [DEF]: Ep  489/500 | R=   2389.29 | Err=  0.0930 | Eff= 29168.5 | a=0.0329 | Steps=1956000
[2026-04-14 23:29:31] [INFO] [DEF]: Ep  490/500 | R=   1816.05 | Err=  0.0895 | Eff= 41080.1 | a=0.0325 | Steps=1960000
[2026-04-14 23:30:27] [INFO] [DEF]: [EVAL] R=   3085.23 | Err=  0.0188 | Eff= 13485.8 | ITWAE=   10.26 | ConvStep=338
[2026-04-14 23:31:50] [INFO] [DEF]: Ep  491/500 | R=   1976.93 | Err=  0.1642 | Eff= 42162.4 | a=0.0348 | Steps=1964000
[2026-04-14 23:33:07] [INFO] [DEF]: Ep  492/500 | R=   2388.97 | Err=  0.1687 | Eff= 25443.5 | a=0.0323 | Steps=1968000
[2026-04-14 23:34:22] [INFO] [DEF]: Ep  493/500 | R=   2231.75 | Err=  0.0664 | Eff= 29216.2 | a=0.0328 | Steps=1972000
[2026-04-14 23:35:38] [INFO] [DEF]: Ep  494/500 | R=   2348.97 | Err=  0.0940 | Eff= 30762.0 | a=0.0329 | Steps=1976000
[2026-04-14 23:36:55] [INFO] [DEF]: Ep  495/500 | R=   2595.09 | Err=  0.0695 | Eff= 24543.8 | a=0.0330 | Steps=1980000
[2026-04-14 23:38:11] [INFO] [DEF]: Ep  496/500 | R=   1862.35 | Err=  0.0357 | Eff= 37928.2 | a=0.0342 | Steps=1984000
[2026-04-14 23:39:26] [INFO] [DEF]: Ep  497/500 | R=   2374.78 | Err=  0.0571 | Eff= 28463.0 | a=0.0341 | Steps=1988000
[2026-04-14 23:40:40] [INFO] [DEF]: Ep  498/500 | R=   2423.25 | Err=  0.0619 | Eff= 26656.0 | a=0.0319 | Steps=1992000
[2026-04-14 23:41:53] [INFO] [DEF]: Ep  499/500 | R=   2233.25 | Err=  0.1683 | Eff= 28110.5 | a=0.0348 | Steps=1996000
[2026-04-14 23:43:08] [INFO] [DEF]: Ep  500/500 | R=   2617.59 | Err=  0.0504 | Eff= 22255.3 | a=0.0339 | Steps=2000000
[2026-04-14 23:43:48] [INFO] [DEF]: [EVAL] R=   3115.41 | Err=  0.0180 | Eff= 12639.0 | ITWAE=   10.11 | ConvStep=337
[2026-04-14 23:43:48] [INFO] [PAT]: Checkpoint saved: ckpt_ep00500.pth
[2026-04-14 23:43:48] [INFO] [FIN]: Training complete. Total time: 36070.1s (601.2m)
[2026-04-14 23:43:48] [INFO] [FIN]: Best eval reward: 3131.64
[2026-04-14 23:43:48] [INFO] [FIN]: Best eval error:  0.005372
[2026-04-14 23:43:48] [INFO] [PAT]: Final model saved.
[2026-04-14 23:43:48] [INFO] [PAT]: Training and eval histories saved.
[2026-04-14 23:43:48] [INFO] [FIN]: Summary: {
[2026-04-14 23:43:48] [INFO] [FIN]:   "variant": "6c",
[2026-04-14 23:43:48] [INFO] [FIN]:   "variant_label": "GALI Both (Obs+Reward)",
[2026-04-14 23:43:48] [INFO] [FIN]:   "total_episodes": 500,
[2026-04-14 23:43:48] [INFO] [FIN]:   "total_steps": 2000000,
[2026-04-14 23:43:48] [INFO] [FIN]:   "training_time_sec": 36070.10025691986,
[2026-04-14 23:43:48] [INFO] [FIN]:   "best_eval_reward": 3131.6438773063505,
[2026-04-14 23:43:48] [INFO] [FIN]:   "best_eval_error": 0.005372164371030382,
[2026-04-14 23:43:48] [INFO] [FIN]:   "final_buffer_size": 1000000,
[2026-04-14 23:43:48] [INFO] [FIN]:   "device": "cuda"
[2026-04-14 23:43:48] [INFO] [FIN]: }
[2026-04-14 23:43:48] [INFO] [MET]: END Session 1
