[2026-04-02 17:14:26] [INFO] [MET]: START Session 29
[2026-04-02 17:14:26] [INFO] [DEF]: Coupling mode: independent
[2026-04-02 17:14:26] [INFO] [DEF]: Sweeping 6D parameter space, n_samples=100
[2026-04-02 17:15:38] [INFO] [DEF]: MLE stats: max=1.0368, mean=0.5499, std=0.4451
[2026-04-02 17:15:38] [INFO] [DEF]: Positive MLE count: 70 / 100
[2026-04-02 17:15:38] [INFO] [DEF]: MLE > 0.05: 67, MLE > 0.1: 67, MLE > 0.2: 67
[2026-04-02 17:15:38] [INFO] [DEF]: Found 67 chaotic parameter sets above MLE=0.2
[2026-04-02 17:15:38] [INFO] [DEF]: Top 20 sorted descending by MLE:
[2026-04-02 17:15:38] [INFO] [DEF]: [[33.50809633 30.90479861 34.76329742  4.6650112   0.76753834  1.40297028
[2026-04-02 17:15:38] [INFO] [DEF]:    1.03684902]
[2026-04-02 17:15:38] [INFO] [DEF]:  [31.44586063 33.71283251 30.02003365  0.60979377  4.21422964  0.3130508
[2026-04-02 17:15:38] [INFO] [DEF]:    1.02428194]
[2026-04-02 17:15:38] [INFO] [DEF]:  [34.67695807 28.75987394 33.78204912  2.48175403  3.70207854  1.10022678
[2026-04-02 17:15:38] [INFO] [DEF]:    1.01336484]
[2026-04-02 17:15:38] [INFO] [DEF]:  [32.46356716 30.71193141 31.57245886  4.83297046  4.42505915  3.62342945
[2026-04-02 17:15:38] [INFO] [DEF]:    0.99572304]
[2026-04-02 17:15:38] [INFO] [DEF]:  [30.52198954 31.66490908 34.99125459  4.98593081  0.23532031  0.21690417
[2026-04-02 17:15:38] [INFO] [DEF]:    0.98991907]
[2026-04-02 17:15:38] [INFO] [DEF]:  [31.15213504 33.30256788 27.68188517  2.57254278  2.97842909  1.31869938
[2026-04-02 17:15:38] [INFO] [DEF]:    0.98634218]
[2026-04-02 17:15:38] [INFO] [DEF]:  [32.81611893 30.30440749 32.59537732  1.42816413  4.08927077  0.72957357
[2026-04-02 17:15:38] [INFO] [DEF]:    0.97799745]
[2026-04-02 17:15:38] [INFO] [DEF]:  [33.11148862 28.98574262 31.90757514  4.29143543  1.67175247  1.07137847
[2026-04-02 17:15:38] [INFO] [DEF]:    0.97165589]
[2026-04-02 17:15:38] [INFO] [DEF]:  [28.77195873 28.13001944 34.3528324   2.15813088  1.47529292  3.74420716
[2026-04-02 17:15:38] [INFO] [DEF]:    0.97132453]
[2026-04-02 17:15:38] [INFO] [DEF]:  [29.55546853 33.35767131 22.2625478   3.47595448  0.63358194  2.82322826
[2026-04-02 17:15:38] [INFO] [DEF]:    0.97097962]
[2026-04-02 17:15:38] [INFO] [DEF]:  [20.68191547 34.36282407 27.91450065  3.81269929  1.20917156  2.3947361
[2026-04-02 17:15:38] [INFO] [DEF]:    0.96711541]
[2026-04-02 17:15:38] [INFO] [DEF]:  [32.73051177 31.77864426 24.1659636   2.7165093   1.7781424   1.60836609
[2026-04-02 17:15:38] [INFO] [DEF]:    0.96393939]
[2026-04-02 17:15:38] [INFO] [DEF]:  [34.34354608 22.85200527 29.64233596  3.50244027  3.89407607  4.40747332
[2026-04-02 17:15:38] [INFO] [DEF]:    0.9637092 ]
[2026-04-02 17:15:38] [INFO] [DEF]:  [31.57585532 28.00525034 28.73628684  4.3322737   0.3014651   4.25534394
[2026-04-02 17:15:38] [INFO] [DEF]:    0.95817457]
[2026-04-02 17:15:38] [INFO] [DEF]:  [28.27558571 32.18047744 32.86510389  1.47346152  3.16969921  4.95661305
[2026-04-02 17:15:38] [INFO] [DEF]:    0.95307804]
[2026-04-02 17:15:38] [INFO] [DEF]:  [28.0459014  26.97308911 32.93949415  0.85567986  1.85394714  3.47481835
[2026-04-02 17:15:38] [INFO] [DEF]:    0.95112408]
[2026-04-02 17:15:38] [INFO] [DEF]:  [33.00291599 25.73859611 31.09779757  1.55864133  3.5071726   0.43138692
[2026-04-02 17:15:38] [INFO] [DEF]:    0.94338678]
[2026-04-02 17:15:38] [INFO] [DEF]:  [26.80953393 31.03811426 32.24387239  3.7287059   3.36740345  0.50662547
[2026-04-02 17:15:38] [INFO] [DEF]:    0.93640854]
[2026-04-02 17:15:38] [INFO] [DEF]:  [25.69169069 30.62380378 29.89199271  3.92044281  4.76596427  1.23031848
[2026-04-02 17:15:38] [INFO] [DEF]:    0.92950211]
[2026-04-02 17:15:38] [INFO] [DEF]:  [29.03324248 26.87080419 33.57999185  3.89780981  4.59228553  4.11584755
[2026-04-02 17:15:38] [INFO] [DEF]:    0.92294603]]
[2026-04-02 17:15:38] [INFO] [MET]: END Session 29
