[2026-04-02 17:28:52] [INFO] [MET]: START Session 30
[2026-04-02 17:28:52] [INFO] [DEF]: Coupling mode: independent
[2026-04-02 17:28:52] [INFO] [DEF]: Sweeping 6D parameter space, n_samples=5000
[2026-04-02 18:23:48] [INFO] [DEF]: MLE stats: max=1.2237, mean=0.5251, std=0.4492
[2026-04-02 18:23:48] [INFO] [DEF]: Positive MLE count: 3446 / 5000
[2026-04-02 18:23:48] [INFO] [DEF]: MLE > 0.05: 3321, MLE > 0.1: 3274, MLE > 0.2: 3195
[2026-04-02 18:23:48] [INFO] [DEF]: Found 3195 chaotic parameter sets above MLE=0.2
[2026-04-02 18:23:48] [INFO] [DEF]: Top 20 sorted descending by MLE:
[2026-04-02 18:23:48] [INFO] [DEF]: [[3.32599826e+01 3.31928453e+01 3.47871651e+01 4.01022515e+00
[2026-04-02 18:23:48] [INFO] [DEF]:   9.26259199e-01 1.51869548e+00 1.22368734e+00]
[2026-04-02 18:23:48] [INFO] [DEF]:  [3.39544291e+01 3.41606186e+01 3.36040993e+01 1.88798093e-01
[2026-04-02 18:23:48] [INFO] [DEF]:   3.76492660e-02 1.72858995e+00 1.21342941e+00]
[2026-04-02 18:23:48] [INFO] [DEF]:  [3.46532874e+01 2.64753018e+01 3.41374678e+01 5.71941934e-01
[2026-04-02 18:23:48] [INFO] [DEF]:   2.36428741e+00 3.70268729e-01 1.19710891e+00]
[2026-04-02 18:23:48] [INFO] [DEF]:  [2.95106043e+01 3.35203236e+01 3.06625214e+01 3.80368766e+00
[2026-04-02 18:23:48] [INFO] [DEF]:   7.59010856e-01 1.10729591e-01 1.17528112e+00]
[2026-04-02 18:23:48] [INFO] [DEF]:  [3.39875825e+01 3.35862580e+01 2.72992074e+01 1.65370446e+00
[2026-04-02 18:23:48] [INFO] [DEF]:   7.41870682e-01 2.53080065e+00 1.13712706e+00]
[2026-04-02 18:23:48] [INFO] [DEF]:  [3.17450056e+01 3.12206520e+01 3.48928121e+01 4.51947232e+00
[2026-04-02 18:23:48] [INFO] [DEF]:   3.37334373e-01 6.15855576e-01 1.13348738e+00]
[2026-04-02 18:23:48] [INFO] [DEF]:  [3.38313679e+01 2.92756929e+01 3.08211070e+01 5.36361977e-01
[2026-04-02 18:23:48] [INFO] [DEF]:   2.49338260e-02 4.05655651e+00 1.12915989e+00]
[2026-04-02 18:23:48] [INFO] [DEF]:  [2.74880816e+01 2.74926329e+01 3.26100554e+01 3.24542196e+00
[2026-04-02 18:23:48] [INFO] [DEF]:   2.75768245e+00 1.53174694e+00 1.09025176e+00]
[2026-04-02 18:23:48] [INFO] [DEF]:  [3.49580257e+01 3.42232238e+01 3.16155847e+01 3.55795935e-01
[2026-04-02 18:23:48] [INFO] [DEF]:   1.86893186e-01 3.72179866e+00 1.08865394e+00]
[2026-04-02 18:23:48] [INFO] [DEF]:  [3.00348505e+01 3.36658457e+01 3.30102847e+01 2.68354848e+00
[2026-04-02 18:23:48] [INFO] [DEF]:   4.45632247e-01 8.39887160e-01 1.08799915e+00]
[2026-04-02 18:23:48] [INFO] [DEF]:  [3.49675874e+01 3.43140367e+01 3.07573979e+01 1.39339009e+00
[2026-04-02 18:23:48] [INFO] [DEF]:   9.20858834e-01 2.75050313e+00 1.08779042e+00]
[2026-04-02 18:23:48] [INFO] [DEF]:  [3.06560233e+01 3.45589651e+01 3.32952056e+01 2.68535151e-01
[2026-04-02 18:23:48] [INFO] [DEF]:   7.46777058e-01 3.21297308e+00 1.08493551e+00]
[2026-04-02 18:23:48] [INFO] [DEF]:  [3.22859673e+01 3.34416728e+01 3.11885400e+01 2.22194933e+00
[2026-04-02 18:23:48] [INFO] [DEF]:   2.40354390e+00 9.05199602e-01 1.08466057e+00]
[2026-04-02 18:23:48] [INFO] [DEF]:  [3.48879508e+01 3.28362454e+01 3.34620619e+01 9.09526924e-01
[2026-04-02 18:23:48] [INFO] [DEF]:   1.59720957e+00 3.41748751e+00 1.08342139e+00]
[2026-04-02 18:23:48] [INFO] [DEF]:  [3.33094676e+01 3.24068694e+01 2.88236229e+01 4.83996111e+00
[2026-04-02 18:23:48] [INFO] [DEF]:   5.11951434e-01 4.73797909e-02 1.08086206e+00]
[2026-04-02 18:23:48] [INFO] [DEF]:  [3.32356420e+01 3.04536101e+01 3.21807660e+01 3.84770356e+00
[2026-04-02 18:23:48] [INFO] [DEF]:   5.30854157e-01 2.33359233e-01 1.07915528e+00]
[2026-04-02 18:23:48] [INFO] [DEF]:  [3.06548792e+01 3.38629348e+01 3.21490395e+01 1.95167514e+00
[2026-04-02 18:23:48] [INFO] [DEF]:   7.86672949e-02 2.37604656e+00 1.07810416e+00]
[2026-04-02 18:23:48] [INFO] [DEF]:  [3.43141029e+01 3.26562825e+01 3.32301948e+01 1.71743208e+00
[2026-04-02 18:23:48] [INFO] [DEF]:   4.25328040e+00 2.94788579e+00 1.07753567e+00]
[2026-04-02 18:23:48] [INFO] [DEF]:  [3.01703588e+01 3.06178346e+01 3.27888919e+01 1.63021048e+00
[2026-04-02 18:23:48] [INFO] [DEF]:   1.06520877e+00 1.42533659e+00 1.07552385e+00]
[2026-04-02 18:23:48] [INFO] [DEF]:  [3.09377175e+01 2.77709948e+01 3.15739778e+01 2.41116758e+00
[2026-04-02 18:23:48] [INFO] [DEF]:   4.33143729e+00 1.60775318e+00 1.07466141e+00]]
[2026-04-02 18:23:48] [INFO] [DEF]: Storing mle values in MLE_above_0_1.pkl
[2026-04-02 18:23:48] [INFO] [MET]: END Session 30
